stm32f1xx_it.c:94:6:NMI_Handler	4	static
stm32f1xx_it.c:106:6:HardFault_Handler	4	static
stm32f1xx_it.c:119:6:MemManage_Handler	4	static
stm32f1xx_it.c:132:6:BusFault_Handler	4	static
stm32f1xx_it.c:145:6:UsageFault_Handler	4	static
stm32f1xx_it.c:158:6:SVC_Handler	4	static
stm32f1xx_it.c:170:6:DebugMon_Handler	4	static
stm32f1xx_it.c:182:6:PendSV_Handler	4	static
stm32f1xx_it.c:194:6:SysTick_Handler	8	static
stm32f1xx_it.c:214:6:DMA1_Channel5_IRQHandler	8	static
stm32f1xx_it.c:227:6:DMA1_Channel6_IRQHandler	8	static
stm32f1xx_it.c:240:6:EXTI9_5_IRQHandler	8	static
stm32f1xx_it.c:253:6:TIM2_IRQHandler	8	static
stm32f1xx_it.c:266:6:TIM3_IRQHandler	8	static
stm32f1xx_it.c:285:6:USART1_IRQHandler	8	static
stm32f1xx_it.c:299:6:USART2_IRQHandler	8	static
stm32f1xx_it.c:313:6:EXTI15_10_IRQHandler	8	static
stm32f1xx_it.c:324:6:HAL_GPIO_EXTI_Callback	16	static
stm32f1xx_it.c:387:6:HAL_TIM_PeriodElapsedCallback	16	static
stm32f1xx_it.c:424:6:HAL_UART_RxCpltCallback	40	static
stm32f1xx_it.c:617:6:send_cmd	16	static
stm32f1xx_it.c:622:6:send_message	128	static
stm32f1xx_it.c:632:6:send_msg_uart1	16	static
stm32f1xx_it.c:637:6:init_var	8	static
stm32f1xx_it.c:648:6:connect_to_wifi	8	static
stm32f1xx_it.c:659:6:init_server	8	static
