stm32f1xx_it.c:94:6:NMI_Handler	0	static
stm32f1xx_it.c:106:6:HardFault_Handler	0	static
stm32f1xx_it.c:119:6:MemManage_Handler	0	static
stm32f1xx_it.c:132:6:BusFault_Handler	0	static
stm32f1xx_it.c:145:6:UsageFault_Handler	0	static
stm32f1xx_it.c:158:6:SVC_Handler	0	static
stm32f1xx_it.c:170:6:DebugMon_Handler	0	static
stm32f1xx_it.c:182:6:PendSV_Handler	0	static
stm32f1xx_it.c:194:6:SysTick_Handler	0	static
stm32f1xx_it.c:214:6:DMA1_Channel5_IRQHandler	0	static
stm32f1xx_it.c:227:6:DMA1_Channel6_IRQHandler	0	static
stm32f1xx_it.c:240:6:EXTI9_5_IRQHandler	0	static
stm32f1xx_it.c:253:6:TIM2_IRQHandler	0	static
stm32f1xx_it.c:266:6:TIM3_IRQHandler	8	static
stm32f1xx_it.c:313:6:EXTI15_10_IRQHandler	0	static
stm32f1xx_it.c:324:6:HAL_GPIO_EXTI_Callback	0	static
stm32f1xx_it.c:387:6:HAL_TIM_PeriodElapsedCallback	8	static
stm32f1xx_it.c:624:6:send_cmd	16	static
stm32f1xx_it.c:639:6:send_msg_uart1	16	static
stm32f1xx_it.c:629:6:send_message	112	static
stm32f1xx_it.c:644:6:init_var	8	static
stm32f1xx_it.c:655:6:connect_to_wifi	8	static
stm32f1xx_it.c:666:6:init_server	8	static
stm32f1xx_it.c:424:6:HAL_UART_RxCpltCallback	40	static
stm32f1xx_it.c:285:6:USART1_IRQHandler	8	static
stm32f1xx_it.c:299:6:USART2_IRQHandler	8	static
