Archive member included to satisfy reference by file (symbol)

c:/st/stm32cubeide_1.7.0/stm32cubeide/plugins/com.st.stm32cube.ide.mcu.externaltools.gnu-tools-for-stm32.9-2020-q2-update.win32_2.0.0.202105311346/tools/bin/../lib/gcc/arm-none-eabi/9.3.1/../../../../arm-none-eabi/lib/thumb/v7-m/nofp\libc_nano.a(lib_a-errno.o)
                              ./Core/Src/syscalls.o (__errno)
c:/st/stm32cubeide_1.7.0/stm32cubeide/plugins/com.st.stm32cube.ide.mcu.externaltools.gnu-tools-for-stm32.9-2020-q2-update.win32_2.0.0.202105311346/tools/bin/../lib/gcc/arm-none-eabi/9.3.1/../../../../arm-none-eabi/lib/thumb/v7-m/nofp\libc_nano.a(lib_a-exit.o)
                              c:/st/stm32cubeide_1.7.0/stm32cubeide/plugins/com.st.stm32cube.ide.mcu.externaltools.gnu-tools-for-stm32.9-2020-q2-update.win32_2.0.0.202105311346/tools/bin/../lib/gcc/arm-none-eabi/9.3.1/../../../../arm-none-eabi/lib/thumb/v7-m/nofp/crt0.o (exit)
c:/st/stm32cubeide_1.7.0/stm32cubeide/plugins/com.st.stm32cube.ide.mcu.externaltools.gnu-tools-for-stm32.9-2020-q2-update.win32_2.0.0.202105311346/tools/bin/../lib/gcc/arm-none-eabi/9.3.1/../../../../arm-none-eabi/lib/thumb/v7-m/nofp\libc_nano.a(lib_a-impure.o)
                              c:/st/stm32cubeide_1.7.0/stm32cubeide/plugins/com.st.stm32cube.ide.mcu.externaltools.gnu-tools-for-stm32.9-2020-q2-update.win32_2.0.0.202105311346/tools/bin/../lib/gcc/arm-none-eabi/9.3.1/../../../../arm-none-eabi/lib/thumb/v7-m/nofp\libc_nano.a(lib_a-exit.o) (_global_impure_ptr)
c:/st/stm32cubeide_1.7.0/stm32cubeide/plugins/com.st.stm32cube.ide.mcu.externaltools.gnu-tools-for-stm32.9-2020-q2-update.win32_2.0.0.202105311346/tools/bin/../lib/gcc/arm-none-eabi/9.3.1/../../../../arm-none-eabi/lib/thumb/v7-m/nofp\libc_nano.a(lib_a-init.o)
                              c:/st/stm32cubeide_1.7.0/stm32cubeide/plugins/com.st.stm32cube.ide.mcu.externaltools.gnu-tools-for-stm32.9-2020-q2-update.win32_2.0.0.202105311346/tools/bin/../lib/gcc/arm-none-eabi/9.3.1/../../../../arm-none-eabi/lib/thumb/v7-m/nofp/crt0.o (__libc_init_array)
c:/st/stm32cubeide_1.7.0/stm32cubeide/plugins/com.st.stm32cube.ide.mcu.externaltools.gnu-tools-for-stm32.9-2020-q2-update.win32_2.0.0.202105311346/tools/bin/../lib/gcc/arm-none-eabi/9.3.1/../../../../arm-none-eabi/lib/thumb/v7-m/nofp\libc_nano.a(lib_a-memset.o)
                              c:/st/stm32cubeide_1.7.0/stm32cubeide/plugins/com.st.stm32cube.ide.mcu.externaltools.gnu-tools-for-stm32.9-2020-q2-update.win32_2.0.0.202105311346/tools/bin/../lib/gcc/arm-none-eabi/9.3.1/../../../../arm-none-eabi/lib/thumb/v7-m/nofp/crt0.o (memset)
c:/st/stm32cubeide_1.7.0/stm32cubeide/plugins/com.st.stm32cube.ide.mcu.externaltools.gnu-tools-for-stm32.9-2020-q2-update.win32_2.0.0.202105311346/tools/bin/../lib/gcc/arm-none-eabi/9.3.1/../../../../arm-none-eabi/lib/thumb/v7-m/nofp\libc_nano.a(lib_a-sprintf.o)
                              ./Core/Src/main.o (sprintf)
c:/st/stm32cubeide_1.7.0/stm32cubeide/plugins/com.st.stm32cube.ide.mcu.externaltools.gnu-tools-for-stm32.9-2020-q2-update.win32_2.0.0.202105311346/tools/bin/../lib/gcc/arm-none-eabi/9.3.1/../../../../arm-none-eabi/lib/thumb/v7-m/nofp\libc_nano.a(lib_a-strcmp.o)
                              ./Core/Src/stm32f1xx_it.o (strcmp)
c:/st/stm32cubeide_1.7.0/stm32cubeide/plugins/com.st.stm32cube.ide.mcu.externaltools.gnu-tools-for-stm32.9-2020-q2-update.win32_2.0.0.202105311346/tools/bin/../lib/gcc/arm-none-eabi/9.3.1/../../../../arm-none-eabi/lib/thumb/v7-m/nofp\libc_nano.a(lib_a-strlen.o)
                              ./Core/Src/stm32f1xx_it.o (strlen)
c:/st/stm32cubeide_1.7.0/stm32cubeide/plugins/com.st.stm32cube.ide.mcu.externaltools.gnu-tools-for-stm32.9-2020-q2-update.win32_2.0.0.202105311346/tools/bin/../lib/gcc/arm-none-eabi/9.3.1/../../../../arm-none-eabi/lib/thumb/v7-m/nofp\libc_nano.a(lib_a-strncmp.o)
                              ./Core/Src/stm32f1xx_it.o (strncmp)
c:/st/stm32cubeide_1.7.0/stm32cubeide/plugins/com.st.stm32cube.ide.mcu.externaltools.gnu-tools-for-stm32.9-2020-q2-update.win32_2.0.0.202105311346/tools/bin/../lib/gcc/arm-none-eabi/9.3.1/../../../../arm-none-eabi/lib/thumb/v7-m/nofp\libc_nano.a(lib_a-strstr.o)
                              ./Core/Src/stm32f1xx_it.o (strstr)
c:/st/stm32cubeide_1.7.0/stm32cubeide/plugins/com.st.stm32cube.ide.mcu.externaltools.gnu-tools-for-stm32.9-2020-q2-update.win32_2.0.0.202105311346/tools/bin/../lib/gcc/arm-none-eabi/9.3.1/../../../../arm-none-eabi/lib/thumb/v7-m/nofp\libc_nano.a(lib_a-nano-svfprintf.o)
                              c:/st/stm32cubeide_1.7.0/stm32cubeide/plugins/com.st.stm32cube.ide.mcu.externaltools.gnu-tools-for-stm32.9-2020-q2-update.win32_2.0.0.202105311346/tools/bin/../lib/gcc/arm-none-eabi/9.3.1/../../../../arm-none-eabi/lib/thumb/v7-m/nofp\libc_nano.a(lib_a-sprintf.o) (_svfprintf_r)
[...]
Memory Configuration

Name             Origin             Length             Attributes
RAM              0x0000000020000000 0x000000000000c000 xrw
FLASH            0x0000000008000000 0x0000000000040000 xr
*default*        0x0000000000000000 0xffffffffffffffff

Linker script and memory map

LOAD c:/st/stm32cubeide_1.7.0/stm32cubeide/plugins/com.st.stm32cube.ide.mcu.externaltools.gnu-tools-for-stm32.9-2020-q2-update.win32_2.0.0.202105311346/tools/bin/../lib/gcc/arm-none-eabi/9.3.1/thumb/v7-m/nofp/crti.o
LOAD c:/st/stm32cubeide_1.7.0/stm32cubeide/plugins/com.st.stm32cube.ide.mcu.externaltools.gnu-tools-for-stm32.9-2020-q2-update.win32_2.0.0.202105311346/tools/bin/../lib/gcc/arm-none-eabi/9.3.1/thumb/v7-m/nofp/crtbegin.o
LOAD c:/st/stm32cubeide_1.7.0/stm32cubeide/plugins/com.st.stm32cube.ide.mcu.externaltools.gnu-tools-for-stm32.9-2020-q2-update.win32_2.0.0.202105311346/tools/bin/../lib/gcc/arm-none-eabi/9.3.1/../../../../arm-none-eabi/lib/thumb/v7-m/nofp/crt0.o
LOAD ./Core/Src/lcd.o
LOAD ./Core/Src/main.o
LOAD ./Core/Src/stm32f1xx_hal_msp.o
LOAD ./Core/Src/stm32f1xx_it.o
LOAD ./Core/Src/syscalls.o
LOAD ./Core/Src/sysmem.o
LOAD ./Core/Src/system_stm32f1xx.o
LOAD ./Core/Startup/startup_stm32f103rctx.o
LOAD ./Drivers/STM32F1xx_HAL_Driver/Src/stm32f1xx_hal.o
LOAD ./Drivers/STM32F1xx_HAL_Driver/Src/stm32f1xx_hal_cortex.o
LOAD ./Drivers/STM32F1xx_HAL_Driver/Src/stm32f1xx_hal_dma.o
LOAD ./Drivers/STM32F1xx_HAL_Driver/Src/stm32f1xx_hal_exti.o
LOAD ./Drivers/STM32F1xx_HAL_Driver/Src/stm32f1xx_hal_flash.o
LOAD ./Drivers/STM32F1xx_HAL_Driver/Src/stm32f1xx_hal_flash_ex.o
LOAD ./Drivers/STM32F1xx_HAL_Driver/Src/stm32f1xx_hal_gpio.o
LOAD ./Drivers/STM32F1xx_HAL_Driver/Src/stm32f1xx_hal_gpio_ex.o
LOAD ./Drivers/STM32F1xx_HAL_Driver/Src/stm32f1xx_hal_pwr.o
LOAD ./Drivers/STM32F1xx_HAL_Driver/Src/stm32f1xx_hal_rcc.o
LOAD ./Drivers/STM32F1xx_HAL_Driver/Src/stm32f1xx_hal_rcc_ex.o
LOAD ./Drivers/STM32F1xx_HAL_Driver/Src/stm32f1xx_hal_tim.o
LOAD ./Drivers/STM32F1xx_HAL_Driver/Src/stm32f1xx_hal_tim_ex.o
LOAD ./Drivers/STM32F1xx_HAL_Driver/Src/stm32f1xx_hal_uart.o
START GROUP
LOAD c:/st/stm32cubeide_1.7.0/stm32cubeide/plugins/com.st.stm32cube.ide.mcu.externaltools.gnu-tools-for-stm32.9-2020-q2-update.win32_2.0.0.202105311346/tools/bin/../lib/gcc/arm-none-eabi/9.3.1/../../../../arm-none-eabi/lib/thumb/v7-m/nofp\libc_nano.a
LOAD c:/st/stm32cubeide_1.7.0/stm32cubeide/plugins/com.st.stm32cube.ide.mcu.externaltools.gnu-tools-for-stm32.9-2020-q2-update.win32_2.0.0.202105311346/tools/bin/../lib/gcc/arm-none-eabi/9.3.1/../../../../arm-none-eabi/lib/thumb/v7-m/nofp\libm.a
END GROUP
START GROUP
LOAD c:/st/stm32cubeide_1.7.0/stm32cubeide/plugins/com.st.stm32cube.ide.mcu.externaltools.gnu-tools-for-stm32.9-2020-q2-update.win32_2.0.0.202105311346/tools/bin/../lib/gcc/arm-none-eabi/9.3.1/thumb/v7-m/nofp\libgcc.a
LOAD c:/st/stm32cubeide_1.7.0/stm32cubeide/plugins/com.st.stm32cube.ide.mcu.externaltools.gnu-tools-for-stm32.9-2020-q2-update.win32_2.0.0.202105311346/tools/bin/../lib/gcc/arm-none-eabi/9.3.1/../../../../arm-none-eabi/lib/thumb/v7-m/nofp\libc_nano.a
END GROUP
START GROUP
LOAD c:/st/stm32cubeide_1.7.0/stm32cubeide/plugins/com.st.stm32cube.ide.mcu.externaltools.gnu-tools-for-stm32.9-2020-q2-update.win32_2.0.0.202105311346/tools/bin/../lib/gcc/arm-none-eabi/9.3.1/thumb/v7-m/nofp\libgcc.a
LOAD c:/st/stm32cubeide_1.7.0/stm32cubeide/plugins/com.st.stm32cube.ide.mcu.externaltools.gnu-tools-for-stm32.9-2020-q2-update.win32_2.0.0.202105311346/tools/bin/../lib/gcc/arm-none-eabi/9.3.1/../../../../arm-none-eabi/lib/thumb/v7-m/nofp\libc_nano.a
LOAD c:/st/stm32cubeide_1.7.0/stm32cubeide/plugins/com.st.stm32cube.ide.mcu.externaltools.gnu-tools-for-stm32.9-2020-q2-update.win32_2.0.0.202105311346/tools/bin/../lib/gcc/arm-none-eabi/9.3.1/../../../../arm-none-eabi/lib/thumb/v7-m/nofp\libnosys.a
END GROUP
START GROUP
LOAD c:/st/stm32cubeide_1.7.0/stm32cubeide/plugins/com.st.stm32cube.ide.mcu.externaltools.gnu-tools-for-stm32.9-2020-q2-update.win32_2.0.0.202105311346/tools/bin/../lib/gcc/arm-none-eabi/9.3.1/thumb/v7-m/nofp\libgcc.a
LOAD c:/st/stm32cubeide_1.7.0/stm32cubeide/plugins/com.st.stm32cube.ide.mcu.externaltools.gnu-tools-for-stm32.9-2020-q2-update.win32_2.0.0.202105311346/tools/bin/../lib/gcc/arm-none-eabi/9.3.1/../../../../arm-none-eabi/lib/thumb/v7-m/nofp\libc_nano.a
LOAD c:/st/stm32cubeide_1.7.0/stm32cubeide/plugins/com.st.stm32cube.ide.mcu.externaltools.gnu-tools-for-stm32.9-2020-q2-update.win32_2.0.0.202105311346/tools/bin/../lib/gcc/arm-none-eabi/9.3.1/../../../../arm-none-eabi/lib/thumb/v7-m/nofp\libnosys.a
END GROUP
LOAD c:/st/stm32cubeide_1.7.0/stm32cubeide/plugins/com.st.stm32cube.ide.mcu.externaltools.gnu-tools-for-stm32.9-2020-q2-update.win32_2.0.0.202105311346/tools/bin/../lib/gcc/arm-none-eabi/9.3.1/thumb/v7-m/nofp/crtend.o
LOAD c:/st/stm32cubeide_1.7.0/stm32cubeide/plugins/com.st.stm32cube.ide.mcu.externaltools.gnu-tools-for-stm32.9-2020-q2-update.win32_2.0.0.202105311346/tools/bin/../lib/gcc/arm-none-eabi/9.3.1/thumb/v7-m/nofp/crtn.o
                0x000000002000c000                _estack = (ORIGIN (RAM) + LENGTH (RAM))
                0x0000000000000200                _Min_Heap_Size = 0x200
                0x0000000000000400                _Min_Stack_Size = 0x400

.isr_vector     0x0000000008000000      0x1e4
                0x0000000008000000                . = ALIGN (0x4)
 *(.isr_vector)
 .isr_vector    0x0000000008000000      0x1e4 ./Core/Startup/startup_stm32f103rctx.o
                0x0000000008000000                g_pfnVectors
                0x00000000080001e4                . = ALIGN (0x4)

.text           0x00000000080001e8     0xab14
                0x00000000080001e8                . = ALIGN (0x4)
 *(.text)
 .text          0x00000000080001e8       0x40 c:/st/stm32cubeide_1.7.0/stm32cubeide/plugins/com.st.stm32cube.ide.mcu.externaltools.gnu-tools-for-stm32.9-2020-q2-update.win32_2.0.0.202105311346/tools/bin/../lib/gcc/arm-none-eabi/9.3.1/thumb/v7-m/nofp/crtbegin.o
 .text          0x0000000008000228       0x14 c:/st/stm32cubeide_1.7.0/stm32cubeide/plugins/com.st.stm32cube.ide.mcu.externaltools.gnu-tools-for-stm32.9-2020-q2-update.win32_2.0.0.202105311346/tools/bin/../lib/gcc/arm-none-eabi/9.3.1/../../../../arm-none-eabi/lib/thumb/v7-m/nofp\libc_nano.a(lib_a-strcmp.o)
                0x0000000008000228                strcmp
 .text          0x000000000800023c       0x10 c:/st/stm32cubeide_1.7.0/stm32cubeide/plugins/com.st.stm32cube.ide.mcu.externaltools.gnu-tools-for-stm32.9-2020-q2-update.win32_2.0.0.202105311346/tools/bin/../lib/gcc/arm-none-eabi/9.3.1/../../../../arm-none-eabi/lib/thumb/v7-m/nofp\libc_nano.a(lib_a-strlen.o)
                0x000000000800023c                strlen
 .text          0x000000000800024c      0x254 c:/st/stm32cubeide_1.7.0/stm32cubeide/plugins/com.st.stm32cube.ide.mcu.externaltools.gnu-tools-for-stm32.9-2020-q2-update.win32_2.0.0.202105311346/tools/bin/../lib/gcc/arm-none-eabi/9.3.1/thumb/v7-m/nofp\libgcc.a(_arm_muldf3.o)
                0x000000000800024c                __muldf3
                0x000000000800024c                __aeabi_dmul
 .text          0x00000000080004a0      0x378 c:/st/stm32cubeide_1.7.0/stm32cubeide/plugins/com.st.stm32cube.ide.mcu.externaltools.gnu-tools-for-stm32.9-2020-q2-update.win32_2.0.0.202105311346/tools/bin/../lib/gcc/arm-none-eabi/9.3.1/thumb/v7-m/nofp\libgcc.a(_arm_addsubdf3.o)
                0x00000000080004a0                __aeabi_drsub
                0x00000000080004a8                __aeabi_dsub
                0x00000000080004a8                __subdf3
                0x00000000080004ac                __aeabi_dadd
                0x00000000080004ac                __adddf3
                0x0000000008000724                __floatunsidf
                0x0000000008000724                __aeabi_ui2d
                0x0000000008000744                __floatsidf
                0x0000000008000744                __aeabi_i2d
                0x0000000008000768                __aeabi_f2d
                0x0000000008000768                __extendsfdf2
                0x00000000080007ac                __floatundidf
                0x00000000080007ac                __aeabi_ul2d
                0x00000000080007bc                __floatdidf
                0x00000000080007bc                __aeabi_l2d
 .text          0x0000000008000818       0x40 c:/st/stm32cubeide_1.7.0/stm32cubeide/plugins/com.st.stm32cube.ide.mcu.externaltools.gnu-tools-for-stm32.9-2020-q2-update.win32_2.0.0.202105311346/tools/bin/../lib/gcc/arm-none-eabi/9.3.1/thumb/v7-m/nofp\libgcc.a(_arm_fixunsdfsi.o)
                0x0000000008000818                __aeabi_d2uiz
                0x0000000008000818                __fixunsdfsi
 *(.text*)
 .text.LCD_WR_REG
                0x0000000008000858       0x48 ./Core/Src/lcd.o
                0x0000000008000858                LCD_WR_REG
 .text.LCD_WR_DATAX
                0x00000000080008a0       0x48 ./Core/Src/lcd.o
                0x00000000080008a0                LCD_WR_DATAX
 .text.LCD_RD_DATA
                0x00000000080008e8       0x88 ./Core/Src/lcd.o
                0x00000000080008e8                LCD_RD_DATA
 .text.LCD_WriteReg
                0x0000000008000970       0x54 ./Core/Src/lcd.o
                0x0000000008000970                LCD_WriteReg
 .text.LCD_ReadReg
                0x00000000080009c4       0x20 ./Core/Src/lcd.o
                0x00000000080009c4                LCD_ReadReg
 .text.LCD_WriteRAM_Prepare
                0x00000000080009e4       0x18 ./Core/Src/lcd.o
                0x00000000080009e4                LCD_WriteRAM_Prepare
 .text.LCD_SetCursor
                0x00000000080009fc      0x598 ./Core/Src/lcd.o
                0x00000000080009fc                LCD_SetCursor
 .text.LCD_Scan_Dir
                0x0000000008000f94      0x624 ./Core/Src/lcd.o
                0x0000000008000f94                LCD_Scan_Dir
 .text.LCD_Fast_DrawPoint
                0x00000000080015b8      0x52c ./Core/Src/lcd.o
                0x00000000080015b8                LCD_Fast_DrawPoint
 *fill*         0x0000000008001ae4        0x4 
 .text.LCD_SSD_BackLightSet
                0x0000000008001ae8      0x148 ./Core/Src/lcd.o
                0x0000000008001ae8                LCD_SSD_BackLightSet
 .text.LCD_Display_Dir
                0x0000000008001c30      0x218 ./Core/Src/lcd.o
                0x0000000008001c30                LCD_Display_Dir
 .text.LCD_Init
                0x0000000008001e48     0x3e5c ./Core/Src/lcd.o
                0x0000000008001e48                LCD_Init
 .text.LCD_Clear
                0x0000000008005ca4       0xc4 ./Core/Src/lcd.o
                0x0000000008005ca4                LCD_Clear
 .text.LCD_ShowChar
                0x0000000008005d68      0x15c ./Core/Src/lcd.o
                0x0000000008005d68                LCD_ShowChar
 .text.LCD_ShowString
                0x0000000008005ec4       0x9a ./Core/Src/lcd.o
                0x0000000008005ec4                LCD_ShowString
 *fill*         0x0000000008005f5e        0x2 
 .text.main     0x0000000008005f60       0x88 ./Core/Src/main.o
                0x0000000008005f60                main
 .text.SystemClock_Config
                0x0000000008005fe8       0x8a ./Core/Src/main.o
                0x0000000008005fe8                SystemClock_Config
 *fill*         0x0000000008006072        0x2 
 .text.MX_TIM1_Init
                0x0000000008006074       0xa4 ./Core/Src/main.o
 .text.MX_TIM2_Init
                0x0000000008006118       0x9c ./Core/Src/main.o
 .text.MX_TIM3_Init
                0x00000000080061b4       0x9c ./Core/Src/main.o
 .text.MX_USART1_UART_Init
                0x0000000008006250       0x54 ./Core/Src/main.o
 .text.MX_USART2_UART_Init
                0x00000000080062a4       0x54 ./Core/Src/main.o
 .text.MX_DMA_Init
                0x00000000080062f8       0x4c ./Core/Src/main.o
 .text.MX_GPIO_Init
                0x0000000008006344      0x11c ./Core/Src/main.o
 .text.Show_Question
                0x0000000008006460      0x1ec ./Core/Src/main.o
                0x0000000008006460                Show_Question
 .text.Display_Points
                0x000000000800664c       0x88 ./Core/Src/main.o
                0x000000000800664c                Display_Points
 .text.Display_Time
                0x00000000080066d4       0x64 ./Core/Src/main.o
                0x00000000080066d4                Display_Time
 .text.Show_Feedback
                0x0000000008006738       0xe8 ./Core/Src/main.o
                0x0000000008006738                Show_Feedback
 .text.Get_Answer
                0x0000000008006820       0x84 ./Core/Src/main.o
                0x0000000008006820                Get_Answer
 .text.Display_Answer
                0x00000000080068a4       0x50 ./Core/Src/main.o
                0x00000000080068a4                Display_Answer
 .text.Error_Handler
                0x00000000080068f4        0xc ./Core/Src/main.o
                0x00000000080068f4                Error_Handler
 .text.HAL_MspInit
                0x0000000008006900       0x64 ./Core/Src/stm32f1xx_hal_msp.o
                0x0000000008006900                HAL_MspInit
 .text.HAL_TIM_Base_MspInit
                0x0000000008006964       0xa8 ./Core/Src/stm32f1xx_hal_msp.o
                0x0000000008006964                HAL_TIM_Base_MspInit
 .text.HAL_UART_MspInit
                0x0000000008006a0c      0x1d0 ./Core/Src/stm32f1xx_hal_msp.o
                0x0000000008006a0c                HAL_UART_MspInit
 .text.NMI_Handler
                0x0000000008006bdc        0xc ./Core/Src/stm32f1xx_it.o
                0x0000000008006bdc                NMI_Handler
 .text.HardFault_Handler
                0x0000000008006be8        0x6 ./Core/Src/stm32f1xx_it.o
                0x0000000008006be8                HardFault_Handler
 .text.MemManage_Handler
                0x0000000008006bee        0x6 ./Core/Src/stm32f1xx_it.o
                0x0000000008006bee                MemManage_Handler
 .text.BusFault_Handler
                0x0000000008006bf4        0x6 ./Core/Src/stm32f1xx_it.o
                0x0000000008006bf4                BusFault_Handler
 .text.UsageFault_Handler
                0x0000000008006bfa        0x6 ./Core/Src/stm32f1xx_it.o
                0x0000000008006bfa                UsageFault_Handler
 .text.SVC_Handler
                0x0000000008006c00        0xc ./Core/Src/stm32f1xx_it.o
                0x0000000008006c00                SVC_Handler
 .text.DebugMon_Handler
                0x0000000008006c0c        0xc ./Core/Src/stm32f1xx_it.o
                0x0000000008006c0c                DebugMon_Handler
 .text.PendSV_Handler
                0x0000000008006c18        0xc ./Core/Src/stm32f1xx_it.o
                0x0000000008006c18                PendSV_Handler
 .text.SysTick_Handler
                0x0000000008006c24        0xc ./Core/Src/stm32f1xx_it.o
                0x0000000008006c24                SysTick_Handler
 .text.DMA1_Channel5_IRQHandler
                0x0000000008006c30       0x14 ./Core/Src/stm32f1xx_it.o
                0x0000000008006c30                DMA1_Channel5_IRQHandler
 .text.DMA1_Channel6_IRQHandler
                0x0000000008006c44       0x14 ./Core/Src/stm32f1xx_it.o
                0x0000000008006c44                DMA1_Channel6_IRQHandler
 .text.EXTI9_5_IRQHandler
                0x0000000008006c58        0xe ./Core/Src/stm32f1xx_it.o
                0x0000000008006c58                EXTI9_5_IRQHandler
 *fill*         0x0000000008006c66        0x2 
 .text.TIM2_IRQHandler
                0x0000000008006c68       0x14 ./Core/Src/stm32f1xx_it.o
                0x0000000008006c68                TIM2_IRQHandler
 .text.TIM3_IRQHandler
                0x0000000008006c7c       0x44 ./Core/Src/stm32f1xx_it.o
                0x0000000008006c7c                TIM3_IRQHandler
 .text.USART1_IRQHandler
                0x0000000008006cc0       0x28 ./Core/Src/stm32f1xx_it.o
                0x0000000008006cc0                USART1_IRQHandler
 .text.USART2_IRQHandler
                0x0000000008006ce8       0x28 ./Core/Src/stm32f1xx_it.o
                0x0000000008006ce8                USART2_IRQHandler
 .text.EXTI15_10_IRQHandler
                0x0000000008006d10       0x10 ./Core/Src/stm32f1xx_it.o
                0x0000000008006d10                EXTI15_10_IRQHandler
 .text.HAL_GPIO_EXTI_Callback
                0x0000000008006d20       0x18 ./Core/Src/stm32f1xx_it.o
                0x0000000008006d20                HAL_GPIO_EXTI_Callback
 .text.HAL_TIM_PeriodElapsedCallback
                0x0000000008006d38       0xec ./Core/Src/stm32f1xx_it.o
                0x0000000008006d38                HAL_TIM_PeriodElapsedCallback
 .text.HAL_UART_RxCpltCallback
                0x0000000008006e24      0x73c ./Core/Src/stm32f1xx_it.o
                0x0000000008006e24                HAL_UART_RxCpltCallback
 .text.send_cmd
                0x0000000008007560       0x34 ./Core/Src/stm32f1xx_it.o
                0x0000000008007560                send_cmd
 .text.send_message
                0x0000000008007594       0x5c ./Core/Src/stm32f1xx_it.o
                0x0000000008007594                send_message
 .text.send_msg_uart1
                0x00000000080075f0       0x34 ./Core/Src/stm32f1xx_it.o
                0x00000000080075f0                send_msg_uart1
 .text.init_var
                0x0000000008007624       0x5c ./Core/Src/stm32f1xx_it.o
                0x0000000008007624                init_var
 .text.connect_to_wifi
                0x0000000008007680       0x6c ./Core/Src/stm32f1xx_it.o
                0x0000000008007680                connect_to_wifi
 .text.init_server
                0x00000000080076ec       0x6c ./Core/Src/stm32f1xx_it.o
                0x00000000080076ec                init_server
 .text._sbrk    0x0000000008007758       0x6c ./Core/Src/sysmem.o
                0x0000000008007758                _sbrk
 .text.SystemInit
                0x00000000080077c4        0xc ./Core/Src/system_stm32f1xx.o
                0x00000000080077c4                SystemInit
 .text.Reset_Handler
                0x00000000080077d0       0x48 ./Core/Startup/startup_stm32f103rctx.o
                0x00000000080077d0                Reset_Handler
 .text.Default_Handler
                0x0000000008007818        0x2 ./Core/Startup/startup_stm32f103rctx.o
                0x0000000008007818                RTC_Alarm_IRQHandler
                0x0000000008007818                EXTI2_IRQHandler
                0x0000000008007818                TIM8_TRG_COM_IRQHandler
                0x0000000008007818                TIM8_CC_IRQHandler
                0x0000000008007818                TIM1_CC_IRQHandler
                0x0000000008007818                TIM6_IRQHandler
                0x0000000008007818                PVD_IRQHandler
                0x0000000008007818                SDIO_IRQHandler
                0x0000000008007818                EXTI3_IRQHandler
                0x0000000008007818                EXTI0_IRQHandler
                0x0000000008007818                I2C2_EV_IRQHandler
                0x0000000008007818                ADC1_2_IRQHandler
                0x0000000008007818                SPI1_IRQHandler
                0x0000000008007818                TAMPER_IRQHandler
                0x0000000008007818                TIM8_UP_IRQHandler
                0x0000000008007818                DMA2_Channel2_IRQHandler
                0x0000000008007818                DMA1_Channel4_IRQHandler
                0x0000000008007818                USART3_IRQHandler
                0x0000000008007818                RTC_IRQHandler
                0x0000000008007818                DMA1_Channel7_IRQHandler
                0x0000000008007818                CAN1_RX1_IRQHandler
                0x0000000008007818                UART5_IRQHandler
                0x0000000008007818                ADC3_IRQHandler
                0x0000000008007818                TIM4_IRQHandler
                0x0000000008007818                DMA2_Channel1_IRQHandler
                0x0000000008007818                I2C1_EV_IRQHandler
                0x0000000008007818                UART4_IRQHandler
                0x0000000008007818                RCC_IRQHandler
                0x0000000008007818                TIM1_TRG_COM_IRQHandler
                0x0000000008007818                DMA1_Channel1_IRQHandler
                0x0000000008007818                Default_Handler
                0x0000000008007818                TIM7_IRQHandler
                0x0000000008007818                TIM5_IRQHandler
                0x0000000008007818                SPI2_IRQHandler
                0x0000000008007818                EXTI4_IRQHandler
                0x0000000008007818                USB_LP_CAN1_RX0_IRQHandler
                0x0000000008007818                USB_HP_CAN1_TX_IRQHandler
                0x0000000008007818                DMA1_Channel3_IRQHandler
                0x0000000008007818                FSMC_IRQHandler
                0x0000000008007818                TIM1_UP_IRQHandler
                0x0000000008007818                WWDG_IRQHandler
                0x0000000008007818                TIM1_BRK_IRQHandler
                0x0000000008007818                EXTI1_IRQHandler
                0x0000000008007818                DMA2_Channel4_5_IRQHandler
                0x0000000008007818                I2C2_ER_IRQHandler
                0x0000000008007818                DMA1_Channel2_IRQHandler
                0x0000000008007818                TIM8_BRK_IRQHandler
                0x0000000008007818                CAN1_SCE_IRQHandler
                0x0000000008007818                FLASH_IRQHandler
                0x0000000008007818                SPI3_IRQHandler
                0x0000000008007818                I2C1_ER_IRQHandler
                0x0000000008007818                USBWakeUp_IRQHandler
                0x0000000008007818                DMA2_Channel3_IRQHandler
 *fill*         0x000000000800781a        0x2 
 .text.HAL_Init
                0x000000000800781c       0x2c ./Drivers/STM32F1xx_HAL_Driver/Src/stm32f1xx_hal.o
                0x000000000800781c                HAL_Init
 .text.HAL_InitTick
                0x0000000008007848       0x60 ./Drivers/STM32F1xx_HAL_Driver/Src/stm32f1xx_hal.o
                0x0000000008007848                HAL_InitTick
 .text.HAL_IncTick
                0x00000000080078a8       0x24 ./Drivers/STM32F1xx_HAL_Driver/Src/stm32f1xx_hal.o
                0x00000000080078a8                HAL_IncTick
 .text.HAL_GetTick
                0x00000000080078cc       0x14 ./Drivers/STM32F1xx_HAL_Driver/Src/stm32f1xx_hal.o
                0x00000000080078cc                HAL_GetTick
 .text.HAL_Delay
                0x00000000080078e0       0x48 ./Drivers/STM32F1xx_HAL_Driver/Src/stm32f1xx_hal.o
                0x00000000080078e0                HAL_Delay
 .text.__NVIC_SetPriorityGrouping
                0x0000000008007928       0x48 ./Drivers/STM32F1xx_HAL_Driver/Src/stm32f1xx_hal_cortex.o
 .text.__NVIC_GetPriorityGrouping
                0x0000000008007970       0x1c ./Drivers/STM32F1xx_HAL_Driver/Src/stm32f1xx_hal_cortex.o
 .text.__NVIC_EnableIRQ
                0x000000000800798c       0x38 ./Drivers/STM32F1xx_HAL_Driver/Src/stm32f1xx_hal_cortex.o
 .text.__NVIC_SetPriority
                0x00000000080079c4       0x54 ./Drivers/STM32F1xx_HAL_Driver/Src/stm32f1xx_hal_cortex.o
 .text.NVIC_EncodePriority
                0x0000000008007a18       0x64 ./Drivers/STM32F1xx_HAL_Driver/Src/stm32f1xx_hal_cortex.o
 .text.SysTick_Config
                0x0000000008007a7c       0x44 ./Drivers/STM32F1xx_HAL_Driver/Src/stm32f1xx_hal_cortex.o
 .text.HAL_NVIC_SetPriorityGrouping
                0x0000000008007ac0       0x16 ./Drivers/STM32F1xx_HAL_Driver/Src/stm32f1xx_hal_cortex.o
                0x0000000008007ac0                HAL_NVIC_SetPriorityGrouping
 .text.HAL_NVIC_SetPriority
                0x0000000008007ad6       0x38 ./Drivers/STM32F1xx_HAL_Driver/Src/stm32f1xx_hal_cortex.o
                0x0000000008007ad6                HAL_NVIC_SetPriority
 .text.HAL_NVIC_EnableIRQ
                0x0000000008007b0e       0x1c ./Drivers/STM32F1xx_HAL_Driver/Src/stm32f1xx_hal_cortex.o
                0x0000000008007b0e                HAL_NVIC_EnableIRQ
 .text.HAL_SYSTICK_Config
                0x0000000008007b2a       0x18 ./Drivers/STM32F1xx_HAL_Driver/Src/stm32f1xx_hal_cortex.o
                0x0000000008007b2a                HAL_SYSTICK_Config
 *fill*         0x0000000008007b42        0x2 
 .text.HAL_DMA_Init
                0x0000000008007b44       0xec ./Drivers/STM32F1xx_HAL_Driver/Src/stm32f1xx_hal_dma.o
                0x0000000008007b44                HAL_DMA_Init
 .text.HAL_DMA_Start_IT
                0x0000000008007c30       0xbe ./Drivers/STM32F1xx_HAL_Driver/Src/stm32f1xx_hal_dma.o
                0x0000000008007c30                HAL_DMA_Start_IT
 .text.HAL_DMA_Abort
                0x0000000008007cee       0x74 ./Drivers/STM32F1xx_HAL_Driver/Src/stm32f1xx_hal_dma.o
                0x0000000008007cee                HAL_DMA_Abort
 *fill*         0x0000000008007d62        0x2 
 .text.HAL_DMA_Abort_IT
                0x0000000008007d64      0x210 ./Drivers/STM32F1xx_HAL_Driver/Src/stm32f1xx_hal_dma.o
                0x0000000008007d64                HAL_DMA_Abort_IT
 .text.HAL_DMA_IRQHandler
                0x0000000008007f74      0x478 ./Drivers/STM32F1xx_HAL_Driver/Src/stm32f1xx_hal_dma.o
                0x0000000008007f74                HAL_DMA_IRQHandler
 .text.DMA_SetConfig
                0x00000000080083ec       0x5a ./Drivers/STM32F1xx_HAL_Driver/Src/stm32f1xx_hal_dma.o
 *fill*         0x0000000008008446        0x2 
 .text.HAL_GPIO_Init
                0x0000000008008448      0x328 ./Drivers/STM32F1xx_HAL_Driver/Src/stm32f1xx_hal_gpio.o
                0x0000000008008448                HAL_GPIO_Init
 .text.HAL_GPIO_ReadPin
                0x0000000008008770       0x2e ./Drivers/STM32F1xx_HAL_Driver/Src/stm32f1xx_hal_gpio.o
                0x0000000008008770                HAL_GPIO_ReadPin
 .text.HAL_GPIO_WritePin
                0x000000000800879e       0x30 ./Drivers/STM32F1xx_HAL_Driver/Src/stm32f1xx_hal_gpio.o
                0x000000000800879e                HAL_GPIO_WritePin
 *fill*         0x00000000080087ce        0x2 
 .text.HAL_GPIO_EXTI_IRQHandler
                0x00000000080087d0       0x30 ./Drivers/STM32F1xx_HAL_Driver/Src/stm32f1xx_hal_gpio.o
                0x00000000080087d0                HAL_GPIO_EXTI_IRQHandler
 .text.HAL_RCC_OscConfig
                0x0000000008008800      0x500 ./Drivers/STM32F1xx_HAL_Driver/Src/stm32f1xx_hal_rcc.o
                0x0000000008008800                HAL_RCC_OscConfig
 .text.HAL_RCC_ClockConfig
                0x0000000008008d00      0x1d4 ./Drivers/STM32F1xx_HAL_Driver/Src/stm32f1xx_hal_rcc.o
                0x0000000008008d00                HAL_RCC_ClockConfig
 .text.HAL_RCC_GetSysClockFreq
                0x0000000008008ed4       0xc0 ./Drivers/STM32F1xx_HAL_Driver/Src/stm32f1xx_hal_rcc.o
                0x0000000008008ed4                HAL_RCC_GetSysClockFreq
 .text.HAL_RCC_GetHCLKFreq
                0x0000000008008f94       0x14 ./Drivers/STM32F1xx_HAL_Driver/Src/stm32f1xx_hal_rcc.o
                0x0000000008008f94                HAL_RCC_GetHCLKFreq
 .text.HAL_RCC_GetPCLK1Freq
                0x0000000008008fa8       0x28 ./Drivers/STM32F1xx_HAL_Driver/Src/stm32f1xx_hal_rcc.o
                0x0000000008008fa8                HAL_RCC_GetPCLK1Freq
 .text.HAL_RCC_GetPCLK2Freq
                0x0000000008008fd0       0x28 ./Drivers/STM32F1xx_HAL_Driver/Src/stm32f1xx_hal_rcc.o
                0x0000000008008fd0                HAL_RCC_GetPCLK2Freq
 .text.RCC_Delay
                0x0000000008008ff8       0x3c ./Drivers/STM32F1xx_HAL_Driver/Src/stm32f1xx_hal_rcc.o
 .text.HAL_TIM_Base_Init
                0x0000000008009034       0x9e ./Drivers/STM32F1xx_HAL_Driver/Src/stm32f1xx_hal_tim.o
                0x0000000008009034                HAL_TIM_Base_Init
 *fill*         0x00000000080090d2        0x2 
 .text.HAL_TIM_Base_Start_IT
                0x00000000080090d4       0xc0 ./Drivers/STM32F1xx_HAL_Driver/Src/stm32f1xx_hal_tim.o
                0x00000000080090d4                HAL_TIM_Base_Start_IT
 .text.HAL_TIM_Base_Stop_IT
                0x0000000008009194       0x5c ./Drivers/STM32F1xx_HAL_Driver/Src/stm32f1xx_hal_tim.o
                0x0000000008009194                HAL_TIM_Base_Stop_IT
 .text.HAL_TIM_IRQHandler
                0x00000000080091f0      0x210 ./Drivers/STM32F1xx_HAL_Driver/Src/stm32f1xx_hal_tim.o
                0x00000000080091f0                HAL_TIM_IRQHandler
 .text.HAL_TIM_ConfigClockSource
                0x0000000008009400      0x188 ./Drivers/STM32F1xx_HAL_Driver/Src/stm32f1xx_hal_tim.o
                0x0000000008009400                HAL_TIM_ConfigClockSource
 .text.HAL_TIM_OC_DelayElapsedCallback
                0x0000000008009588       0x12 ./Drivers/STM32F1xx_HAL_Driver/Src/stm32f1xx_hal_tim.o
                0x0000000008009588                HAL_TIM_OC_DelayElapsedCallback
 .text.HAL_TIM_IC_CaptureCallback
                0x000000000800959a       0x12 ./Drivers/STM32F1xx_HAL_Driver/Src/stm32f1xx_hal_tim.o
                0x000000000800959a                HAL_TIM_IC_CaptureCallback
 .text.HAL_TIM_PWM_PulseFinishedCallback
                0x00000000080095ac       0x12 ./Drivers/STM32F1xx_HAL_Driver/Src/stm32f1xx_hal_tim.o
                0x00000000080095ac                HAL_TIM_PWM_PulseFinishedCallback
 .text.HAL_TIM_TriggerCallback
                0x00000000080095be       0x12 ./Drivers/STM32F1xx_HAL_Driver/Src/stm32f1xx_hal_tim.o
                0x00000000080095be                HAL_TIM_TriggerCallback
 .text.TIM_Base_SetConfig
                0x00000000080095d0       0xf4 ./Drivers/STM32F1xx_HAL_Driver/Src/stm32f1xx_hal_tim.o
                0x00000000080095d0                TIM_Base_SetConfig
 .text.TIM_TI1_ConfigInputStage
                0x00000000080096c4       0x5c ./Drivers/STM32F1xx_HAL_Driver/Src/stm32f1xx_hal_tim.o
 .text.TIM_TI2_ConfigInputStage
                0x0000000008009720       0x5e ./Drivers/STM32F1xx_HAL_Driver/Src/stm32f1xx_hal_tim.o
 .text.TIM_ITRx_SetConfig
                0x000000000800977e       0x34 ./Drivers/STM32F1xx_HAL_Driver/Src/stm32f1xx_hal_tim.o
 .text.TIM_ETR_SetConfig
                0x00000000080097b2       0x3e ./Drivers/STM32F1xx_HAL_Driver/Src/stm32f1xx_hal_tim.o
                0x00000000080097b2                TIM_ETR_SetConfig
 .text.HAL_TIMEx_MasterConfigSynchronization
                0x00000000080097f0       0xd8 ./Drivers/STM32F1xx_HAL_Driver/Src/stm32f1xx_hal_tim_ex.o
                0x00000000080097f0                HAL_TIMEx_MasterConfigSynchronization
 .text.HAL_TIMEx_CommutCallback
                0x00000000080098c8       0x12 ./Drivers/STM32F1xx_HAL_Driver/Src/stm32f1xx_hal_tim_ex.o
                0x00000000080098c8                HAL_TIMEx_CommutCallback
 .text.HAL_TIMEx_BreakCallback
                0x00000000080098da       0x12 ./Drivers/STM32F1xx_HAL_Driver/Src/stm32f1xx_hal_tim_ex.o
                0x00000000080098da                HAL_TIMEx_BreakCallback
 .text.HAL_UART_Init
                0x00000000080098ec       0x9a ./Drivers/STM32F1xx_HAL_Driver/Src/stm32f1xx_hal_uart.o
                0x00000000080098ec                HAL_UART_Init
 .text.HAL_UART_Transmit
                0x0000000008009986      0x124 ./Drivers/STM32F1xx_HAL_Driver/Src/stm32f1xx_hal_uart.o
                0x0000000008009986                HAL_UART_Transmit
 *fill*         0x0000000008009aaa        0x2 
 .text.HAL_UART_Receive_DMA
                0x0000000008009aac      0x100 ./Drivers/STM32F1xx_HAL_Driver/Src/stm32f1xx_hal_uart.o
                0x0000000008009aac                HAL_UART_Receive_DMA
 .text.HAL_UART_DMAStop
                0x0000000008009bac       0xb6 ./Drivers/STM32F1xx_HAL_Driver/Src/stm32f1xx_hal_uart.o
                0x0000000008009bac                HAL_UART_DMAStop
 *fill*         0x0000000008009c62        0x2 
 .text.HAL_UART_IRQHandler
                0x0000000008009c64      0x200 ./Drivers/STM32F1xx_HAL_Driver/Src/stm32f1xx_hal_uart.o
                0x0000000008009c64                HAL_UART_IRQHandler
 .text.HAL_UART_TxCpltCallback
                0x0000000008009e64       0x12 ./Drivers/STM32F1xx_HAL_Driver/Src/stm32f1xx_hal_uart.o
                0x0000000008009e64                HAL_UART_TxCpltCallback
 .text.HAL_UART_RxHalfCpltCallback
                0x0000000008009e76       0x12 ./Drivers/STM32F1xx_HAL_Driver/Src/stm32f1xx_hal_uart.o
                0x0000000008009e76                HAL_UART_RxHalfCpltCallback
 .text.HAL_UART_ErrorCallback
                0x0000000008009e88       0x12 ./Drivers/STM32F1xx_HAL_Driver/Src/stm32f1xx_hal_uart.o
                0x0000000008009e88                HAL_UART_ErrorCallback
 .text.UART_DMAReceiveCplt
                0x0000000008009e9a       0x68 ./Drivers/STM32F1xx_HAL_Driver/Src/stm32f1xx_hal_uart.o
 .text.UART_DMARxHalfCplt
                0x0000000008009f02       0x1c ./Drivers/STM32F1xx_HAL_Driver/Src/stm32f1xx_hal_uart.o
 .text.UART_DMAError
                0x0000000008009f1e       0x94 ./Drivers/STM32F1xx_HAL_Driver/Src/stm32f1xx_hal_uart.o
 .text.UART_WaitOnFlagUntilTimeout
                0x0000000008009fb2       0x94 ./Drivers/STM32F1xx_HAL_Driver/Src/stm32f1xx_hal_uart.o
 .text.UART_EndTxTransfer
                0x000000000800a046       0x2a ./Drivers/STM32F1xx_HAL_Driver/Src/stm32f1xx_hal_uart.o
 .text.UART_EndRxTransfer
                0x000000000800a070       0x3a ./Drivers/STM32F1xx_HAL_Driver/Src/stm32f1xx_hal_uart.o
 .text.UART_DMAAbortOnError
                0x000000000800a0aa       0x28 ./Drivers/STM32F1xx_HAL_Driver/Src/stm32f1xx_hal_uart.o
 .text.UART_Transmit_IT
                0x000000000800a0d2       0x9e ./Drivers/STM32F1xx_HAL_Driver/Src/stm32f1xx_hal_uart.o
 .text.UART_EndTransmit_IT
                0x000000000800a170       0x30 ./Drivers/STM32F1xx_HAL_Driver/Src/stm32f1xx_hal_uart.o
 .text.UART_Receive_IT
                0x000000000800a1a0      0x100 ./Drivers/STM32F1xx_HAL_Driver/Src/stm32f1xx_hal_uart.o
 .text.UART_SetConfig
                0x000000000800a2a0      0x11c ./Drivers/STM32F1xx_HAL_Driver/Src/stm32f1xx_hal_uart.o
 .text.__errno  0x000000000800a3bc        0xc c:/st/stm32cubeide_1.7.0/stm32cubeide/plugins/com.st.stm32cube.ide.mcu.externaltools.gnu-tools-for-stm32.9-2020-q2-update.win32_2.0.0.202105311346/tools/bin/../lib/gcc/arm-none-eabi/9.3.1/../../../../arm-none-eabi/lib/thumb/v7-m/nofp\libc_nano.a(lib_a-errno.o)
                0x000000000800a3bc                __errno
 .text.__libc_init_array
                0x000000000800a3c8       0x48 c:/st/stm32cubeide_1.7.0/stm32cubeide/plugins/com.st.stm32cube.ide.mcu.externaltools.gnu-tools-for-stm32.9-2020-q2-update.win32_2.0.0.202105311346/tools/bin/../lib/gcc/arm-none-eabi/9.3.1/../../../../arm-none-eabi/lib/thumb/v7-m/nofp\libc_nano.a(lib_a-init.o)
                0x000000000800a3c8                __libc_init_array
 .text.memset   0x000000000800a410       0x10 c:/st/stm32cubeide_1.7.0/stm32cubeide/plugins/com.st.stm32cube.ide.mcu.externaltools.gnu-tools-for-stm32.9-2020-q2-update.win32_2.0.0.202105311346/tools/bin/../lib/gcc/arm-none-eabi/9.3.1/../../../../arm-none-eabi/lib/thumb/v7-m/nofp\libc_nano.a(lib_a-memset.o)
                0x000000000800a410                memset
 .text.sprintf  0x000000000800a420       0x40 c:/st/stm32cubeide_1.7.0/stm32cubeide/plugins/com.st.stm32cube.ide.mcu.externaltools.gnu-tools-for-stm32.9-2020-q2-update.win32_2.0.0.202105311346/tools/bin/../lib/gcc/arm-none-eabi/9.3.1/../../../../arm-none-eabi/lib/thumb/v7-m/nofp\libc_nano.a(lib_a-sprintf.o)
                0x000000000800a420                siprintf
                0x000000000800a420                sprintf
 .text.strncmp  0x000000000800a460       0x24 c:/st/stm32cubeide_1.7.0/stm32cubeide/plugins/com.st.stm32cube.ide.mcu.externaltools.gnu-tools-for-stm32.9-2020-q2-update.win32_2.0.0.202105311346/tools/bin/../lib/gcc/arm-none-eabi/9.3.1/../../../../arm-none-eabi/lib/thumb/v7-m/nofp\libc_nano.a(lib_a-strncmp.o)
                0x000000000800a460                strncmp
 .text.strstr   0x000000000800a484       0x2e c:/st/stm32cubeide_1.7.0/stm32cubeide/plugins/com.st.stm32cube.ide.mcu.externaltools.gnu-tools-for-stm32.9-2020-q2-update.win32_2.0.0.202105311346/tools/bin/../lib/gcc/arm-none-eabi/9.3.1/../../../../arm-none-eabi/lib/thumb/v7-m/nofp\libc_nano.a(lib_a-strstr.o)
                0x000000000800a484                strstr
 .text.__ssputs_r
                0x000000000800a4b2       0xb6 c:/st/stm32cubeide_1.7.0/stm32cubeide/plugins/com.st.stm32cube.ide.mcu.externaltools.gnu-tools-for-stm32.9-2020-q2-update.win32_2.0.0.202105311346/tools/bin/../lib/gcc/arm-none-eabi/9.3.1/../../../../arm-none-eabi/lib/thumb/v7-m/nofp\libc_nano.a(lib_a-nano-svfprintf.o)
                0x000000000800a4b2                __ssputs_r
 .text._svfprintf_r
                0x000000000800a568      0x200 c:/st/stm32cubeide_1.7.0/stm32cubeide/plugins/com.st.stm32cube.ide.mcu.externaltools.gnu-tools-for-stm32.9-2020-q2-update.win32_2.0.0.202105311346/tools/bin/../lib/gcc/arm-none-eabi/9.3.1/../../../../arm-none-eabi/lib/thumb/v7-m/nofp\libc_nano.a(lib_a-nano-svfprintf.o)
                0x000000000800a568                _svfiprintf_r
                0x000000000800a568                _svfprintf_r
 .text._printf_common
                0x000000000800a768       0xde c:/st/stm32cubeide_1.7.0/stm32cubeide/plugins/com.st.stm32cube.ide.mcu.externaltools.gnu-tools-for-stm32.9-2020-q2-update.win32_2.0.0.202105311346/tools/bin/../lib/gcc/arm-none-eabi/9.3.1/../../../../arm-none-eabi/lib/thumb/v7-m/nofp\libc_nano.a(lib_a-nano-vfprintf_i.o)
                0x000000000800a768                _printf_common
 *fill*         0x000000000800a846        0x2 
 .text._printf_i
                0x000000000800a848      0x24c c:/st/stm32cubeide_1.7.0/stm32cubeide/plugins/com.st.stm32cube.ide.mcu.externaltools.gnu-tools-for-stm32.9-2020-q2-update.win32_2.0.0.202105311346/tools/bin/../lib/gcc/arm-none-eabi/9.3.1/../../../../arm-none-eabi/lib/thumb/v7-m/nofp\libc_nano.a(lib_a-nano-vfprintf_i.o)
                0x000000000800a848                _printf_i
 .text.memchr   0x000000000800aa94       0x1c c:/st/stm32cubeide_1.7.0/stm32cubeide/plugins/com.st.stm32cube.ide.mcu.externaltools.gnu-tools-for-stm32.9-2020-q2-update.win32_2.0.0.202105311346/tools/bin/../lib/gcc/arm-none-eabi/9.3.1/../../../../arm-none-eabi/lib/thumb/v7-m/nofp\libc_nano.a(lib_a-memchr-stub.o)
                0x000000000800aa94                memchr
 .text.memcpy   0x000000000800aab0       0x1c c:/st/stm32cubeide_1.7.0/stm32cubeide/plugins/com.st.stm32cube.ide.mcu.externaltools.gnu-tools-for-stm32.9-2020-q2-update.win32_2.0.0.202105311346/tools/bin/../lib/gcc/arm-none-eabi/9.3.1/../../../../arm-none-eabi/lib/thumb/v7-m/nofp\libc_nano.a(lib_a-memcpy-stub.o)
                0x000000000800aab0                memcpy
 .text.memmove  0x000000000800aacc       0x34 c:/st/stm32cubeide_1.7.0/stm32cubeide/plugins/com.st.stm32cube.ide.mcu.externaltools.gnu-tools-for-stm32.9-2020-q2-update.win32_2.0.0.202105311346/tools/bin/../lib/gcc/arm-none-eabi/9.3.1/../../../../arm-none-eabi/lib/thumb/v7-m/nofp\libc_nano.a(lib_a-memmove.o)
                0x000000000800aacc                memmove
 .text._free_r  0x000000000800ab00       0x98 c:/st/stm32cubeide_1.7.0/stm32cubeide/plugins/com.st.stm32cube.ide.mcu.externaltools.gnu-tools-for-stm32.9-2020-q2-update.win32_2.0.0.202105311346/tools/bin/../lib/gcc/arm-none-eabi/9.3.1/../../../../arm-none-eabi/lib/thumb/v7-m/nofp\libc_nano.a(lib_a-nano-freer.o)
                0x000000000800ab00                _free_r
 .text._malloc_r
                0x000000000800ab98       0xb4 c:/st/stm32cubeide_1.7.0/stm32cubeide/plugins/com.st.stm32cube.ide.mcu.externaltools.gnu-tools-for-stm32.9-2020-q2-update.win32_2.0.0.202105311346/tools/bin/../lib/gcc/arm-none-eabi/9.3.1/../../../../arm-none-eabi/lib/thumb/v7-m/nofp\libc_nano.a(lib_a-nano-mallocr.o)
                0x000000000800ab98                _malloc_r
 .text._realloc_r
                0x000000000800ac4c       0x4c c:/st/stm32cubeide_1.7.0/stm32cubeide/plugins/com.st.stm32cube.ide.mcu.externaltools.gnu-tools-for-stm32.9-2020-q2-update.win32_2.0.0.202105311346/tools/bin/../lib/gcc/arm-none-eabi/9.3.1/../../../../arm-none-eabi/lib/thumb/v7-m/nofp\libc_nano.a(lib_a-nano-reallocr.o)
                0x000000000800ac4c                _realloc_r
 .text._sbrk_r  0x000000000800ac98       0x20 c:/st/stm32cubeide_1.7.0/stm32cubeide/plugins/com.st.stm32cube.ide.mcu.externaltools.gnu-tools-for-stm32.9-2020-q2-update.win32_2.0.0.202105311346/tools/bin/../lib/gcc/arm-none-eabi/9.3.1/../../../../arm-none-eabi/lib/thumb/v7-m/nofp\libc_nano.a(lib_a-sbrkr.o)
                0x000000000800ac98                _sbrk_r
 .text.__malloc_lock
                0x000000000800acb8        0xc c:/st/stm32cubeide_1.7.0/stm32cubeide/plugins/com.st.stm32cube.ide.mcu.externaltools.gnu-tools-for-stm32.9-2020-q2-update.win32_2.0.0.202105311346/tools/bin/../lib/gcc/arm-none-eabi/9.3.1/../../../../arm-none-eabi/lib/thumb/v7-m/nofp\libc_nano.a(lib_a-mlock.o)
                0x000000000800acb8                __malloc_lock
 .text.__malloc_unlock
                0x000000000800acc4        0xc c:/st/stm32cubeide_1.7.0/stm32cubeide/plugins/com.st.stm32cube.ide.mcu.externaltools.gnu-tools-for-stm32.9-2020-q2-update.win32_2.0.0.202105311346/tools/bin/../lib/gcc/arm-none-eabi/9.3.1/../../../../arm-none-eabi/lib/thumb/v7-m/nofp\libc_nano.a(lib_a-mlock.o)
                0x000000000800acc4                __malloc_unlock
 .text._malloc_usable_size_r
                0x000000000800acd0       0x10 c:/st/stm32cubeide_1.7.0/stm32cubeide/plugins/com.st.stm32cube.ide.mcu.externaltools.gnu-tools-for-stm32.9-2020-q2-update.win32_2.0.0.202105311346/tools/bin/../lib/gcc/arm-none-eabi/9.3.1/../../../../arm-none-eabi/lib/thumb/v7-m/nofp\libc_nano.a(lib_a-nano-msizer.o)
                0x000000000800acd0                _malloc_usable_size_r
 .text.__retarget_lock_acquire_recursive
                0x000000000800ace0        0x2 c:/st/stm32cubeide_1.7.0/stm32cubeide/plugins/com.st.stm32cube.ide.mcu.externaltools.gnu-tools-for-stm32.9-2020-q2-update.win32_2.0.0.202105311346/tools/bin/../lib/gcc/arm-none-eabi/9.3.1/../../../../arm-none-eabi/lib/thumb/v7-m/nofp\libc_nano.a(lib_a-lock.o)
                0x000000000800ace0                __retarget_lock_acquire_recursive
 .text.__retarget_lock_release_recursive
                0x000000000800ace2        0x2 c:/st/stm32cubeide_1.7.0/stm32cubeide/plugins/com.st.stm32cube.ide.mcu.externaltools.gnu-tools-for-stm32.9-2020-q2-update.win32_2.0.0.202105311346/tools/bin/../lib/gcc/arm-none-eabi/9.3.1/../../../../arm-none-eabi/lib/thumb/v7-m/nofp\libc_nano.a(lib_a-lock.o)
                0x000000000800ace2                __retarget_lock_release_recursive
 *(.glue_7)
 .glue_7        0x000000000800ace4        0x0 linker stubs
 *(.glue_7t)
 .glue_7t       0x000000000800ace4        0x0 linker stubs
 *(.eh_frame)
 .eh_frame      0x000000000800ace4        0x0 c:/st/stm32cubeide_1.7.0/stm32cubeide/plugins/com.st.stm32cube.ide.mcu.externaltools.gnu-tools-for-stm32.9-2020-q2-update.win32_2.0.0.202105311346/tools/bin/../lib/gcc/arm-none-eabi/9.3.1/thumb/v7-m/nofp/crtbegin.o
 *(.init)
 .init          0x000000000800ace4        0x4 c:/st/stm32cubeide_1.7.0/stm32cubeide/plugins/com.st.stm32cube.ide.mcu.externaltools.gnu-tools-for-stm32.9-2020-q2-update.win32_2.0.0.202105311346/tools/bin/../lib/gcc/arm-none-eabi/9.3.1/thumb/v7-m/nofp/crti.o
                0x000000000800ace4                _init
 .init          0x000000000800ace8        0x8 c:/st/stm32cubeide_1.7.0/stm32cubeide/plugins/com.st.stm32cube.ide.mcu.externaltools.gnu-tools-for-stm32.9-2020-q2-update.win32_2.0.0.202105311346/tools/bin/../lib/gcc/arm-none-eabi/9.3.1/thumb/v7-m/nofp/crtn.o
 *(.fini)
 .fini          0x000000000800acf0        0x4 c:/st/stm32cubeide_1.7.0/stm32cubeide/plugins/com.st.stm32cube.ide.mcu.externaltools.gnu-tools-for-stm32.9-2020-q2-update.win32_2.0.0.202105311346/tools/bin/../lib/gcc/arm-none-eabi/9.3.1/thumb/v7-m/nofp/crti.o
                0x000000000800acf0                _fini
 .fini          0x000000000800acf4        0x8 c:/st/stm32cubeide_1.7.0/stm32cubeide/plugins/com.st.stm32cube.ide.mcu.externaltools.gnu-tools-for-stm32.9-2020-q2-update.win32_2.0.0.202105311346/tools/bin/../lib/gcc/arm-none-eabi/9.3.1/thumb/v7-m/nofp/crtn.o
                0x000000000800acfc                . = ALIGN (0x4)
                0x000000000800acfc                _etext = .

.vfp11_veneer   0x000000000800acfc        0x0
 .vfp11_veneer  0x000000000800acfc        0x0 linker stubs

.v4_bx          0x000000000800acfc        0x0
 .v4_bx         0x000000000800acfc        0x0 linker stubs

.iplt           0x000000000800acfc        0x0
 .iplt          0x000000000800acfc        0x0 c:/st/stm32cubeide_1.7.0/stm32cubeide/plugins/com.st.stm32cube.ide.mcu.externaltools.gnu-tools-for-stm32.9-2020-q2-update.win32_2.0.0.202105311346/tools/bin/../lib/gcc/arm-none-eabi/9.3.1/thumb/v7-m/nofp/crtbegin.o

.rodata         0x000000000800acfc     0x1c00
                0x000000000800acfc                . = ALIGN (0x4)
 *(.rodata)
 .rodata        0x000000000800acfc       0x4a ./Core/Src/main.o
 *fill*         0x000000000800ad46        0x2 
 .rodata        0x000000000800ad48      0x398 ./Core/Src/stm32f1xx_it.o
 .rodata        0x000000000800b0e0       0x10 ./Drivers/STM32F1xx_HAL_Driver/Src/stm32f1xx_hal_rcc.o
 *(.rodata*)
 .rodata.asc2_1206
                0x000000000800b0f0      0x474 ./Core/Src/lcd.o
                0x000000000800b0f0                asc2_1206
 .rodata.asc2_1608
                0x000000000800b564      0x5f0 ./Core/Src/lcd.o
                0x000000000800b564                asc2_1608
 .rodata.asc2_2412
                0x000000000800bb54      0xd5c ./Core/Src/lcd.o
                0x000000000800bb54                asc2_2412
 .rodata.AHBPrescTable
                0x000000000800c8b0       0x10 ./Core/Src/system_stm32f1xx.o
                0x000000000800c8b0                AHBPrescTable
 .rodata.APBPrescTable
                0x000000000800c8c0        0x8 ./Core/Src/system_stm32f1xx.o
                0x000000000800c8c0                APBPrescTable
 .rodata._svfprintf_r.str1.1
                0x000000000800c8c8       0x11 c:/st/stm32cubeide_1.7.0/stm32cubeide/plugins/com.st.stm32cube.ide.mcu.externaltools.gnu-tools-for-stm32.9-2020-q2-update.win32_2.0.0.202105311346/tools/bin/../lib/gcc/arm-none-eabi/9.3.1/../../../../arm-none-eabi/lib/thumb/v7-m/nofp\libc_nano.a(lib_a-nano-svfprintf.o)
 .rodata._printf_i.str1.1
                0x000000000800c8d9       0x22 c:/st/stm32cubeide_1.7.0/stm32cubeide/plugins/com.st.stm32cube.ide.mcu.externaltools.gnu-tools-for-stm32.9-2020-q2-update.win32_2.0.0.202105311346/tools/bin/../lib/gcc/arm-none-eabi/9.3.1/../../../../arm-none-eabi/lib/thumb/v7-m/nofp\libc_nano.a(lib_a-nano-vfprintf_i.o)
                0x000000000800c8fc                . = ALIGN (0x4)
 *fill*         0x000000000800c8fb        0x1 

.rel.dyn        0x000000000800c8fc        0x0
 .rel.iplt      0x000000000800c8fc        0x0 c:/st/stm32cubeide_1.7.0/stm32cubeide/plugins/com.st.stm32cube.ide.mcu.externaltools.gnu-tools-for-stm32.9-2020-q2-update.win32_2.0.0.202105311346/tools/bin/../lib/gcc/arm-none-eabi/9.3.1/thumb/v7-m/nofp/crtbegin.o

.ARM.extab      0x000000000800c8fc        0x0
                0x000000000800c8fc                . = ALIGN (0x4)
 *(.ARM.extab* .gnu.linkonce.armextab.*)
                0x000000000800c8fc                . = ALIGN (0x4)

.ARM            0x000000000800c8fc        0x0
                0x000000000800c8fc                . = ALIGN (0x4)
                0x000000000800c8fc                __exidx_start = .
 *(.ARM.exidx*)
                0x000000000800c8fc                __exidx_end = .
                0x000000000800c8fc                . = ALIGN (0x4)

.preinit_array  0x000000000800c8fc        0x0
                0x000000000800c8fc                . = ALIGN (0x4)
                0x000000000800c8fc                PROVIDE (__preinit_array_start = .)
 *(.preinit_array*)
                0x000000000800c8fc                PROVIDE (__preinit_array_end = .)
                0x000000000800c8fc                . = ALIGN (0x4)

.init_array     0x000000000800c8fc        0x4
                0x000000000800c8fc                . = ALIGN (0x4)
                0x000000000800c8fc                PROVIDE (__init_array_start = .)
 *(SORT_BY_NAME(.init_array.*))
 *(.init_array*)
 .init_array    0x000000000800c8fc        0x4 c:/st/stm32cubeide_1.7.0/stm32cubeide/plugins/com.st.stm32cube.ide.mcu.externaltools.gnu-tools-for-stm32.9-2020-q2-update.win32_2.0.0.202105311346/tools/bin/../lib/gcc/arm-none-eabi/9.3.1/thumb/v7-m/nofp/crtbegin.o
                0x000000000800c900                PROVIDE (__init_array_end = .)
                0x000000000800c900                . = ALIGN (0x4)

.fini_array     0x000000000800c900        0x4
                0x000000000800c900                . = ALIGN (0x4)
                [!provide]                        PROVIDE (__fini_array_start = .)
 *(SORT_BY_NAME(.fini_array.*))
 *(.fini_array*)
 .fini_array    0x000000000800c900        0x4 c:/st/stm32cubeide_1.7.0/stm32cubeide/plugins/com.st.stm32cube.ide.mcu.externaltools.gnu-tools-for-stm32.9-2020-q2-update.win32_2.0.0.202105311346/tools/bin/../lib/gcc/arm-none-eabi/9.3.1/thumb/v7-m/nofp/crtbegin.o
                [!provide]                        PROVIDE (__fini_array_end = .)
                0x000000000800c904                . = ALIGN (0x4)
                0x000000000800c904                _sidata = LOADADDR (.data)

.data           0x0000000020000000       0x7c load address 0x000000000800c904
                0x0000000020000000                . = ALIGN (0x4)
                0x0000000020000000                _sdata = .
 *(.data)
 *(.data*)
 .data.BACK_COLOR
                0x0000000020000000        0x2 ./Core/Src/lcd.o
                0x0000000020000000                BACK_COLOR
 *fill*         0x0000000020000002        0x2 
 .data.esp8266_mode
                0x0000000020000004        0x4 ./Core/Src/stm32f1xx_it.o
                0x0000000020000004                esp8266_mode
 .data.link_number
                0x0000000020000008        0x4 ./Core/Src/stm32f1xx_it.o
                0x0000000020000008                link_number
 .data.SystemCoreClock
                0x000000002000000c        0x4 ./Core/Src/system_stm32f1xx.o
                0x000000002000000c                SystemCoreClock
 .data.uwTickPrio
                0x0000000020000010        0x4 ./Drivers/STM32F1xx_HAL_Driver/Src/stm32f1xx_hal.o
                0x0000000020000010                uwTickPrio
 .data.uwTickFreq
                0x0000000020000014        0x1 ./Drivers/STM32F1xx_HAL_Driver/Src/stm32f1xx_hal.o
                0x0000000020000014                uwTickFreq
 *fill*         0x0000000020000015        0x3 
 .data._impure_ptr
                0x0000000020000018        0x4 c:/st/stm32cubeide_1.7.0/stm32cubeide/plugins/com.st.stm32cube.ide.mcu.externaltools.gnu-tools-for-stm32.9-2020-q2-update.win32_2.0.0.202105311346/tools/bin/../lib/gcc/arm-none-eabi/9.3.1/../../../../arm-none-eabi/lib/thumb/v7-m/nofp\libc_nano.a(lib_a-impure.o)
                0x0000000020000018                _impure_ptr
 .data.impure_data
                0x000000002000001c       0x60 c:/st/stm32cubeide_1.7.0/stm32cubeide/plugins/com.st.stm32cube.ide.mcu.externaltools.gnu-tools-for-stm32.9-2020-q2-update.win32_2.0.0.202105311346/tools/bin/../lib/gcc/arm-none-eabi/9.3.1/../../../../arm-none-eabi/lib/thumb/v7-m/nofp\libc_nano.a(lib_a-impure.o)
                0x000000002000007c                . = ALIGN (0x4)
                0x000000002000007c                _edata = .

.igot.plt       0x000000002000007c        0x0 load address 0x000000000800c980
 .igot.plt      0x000000002000007c        0x0 c:/st/stm32cubeide_1.7.0/stm32cubeide/plugins/com.st.stm32cube.ide.mcu.externaltools.gnu-tools-for-stm32.9-2020-q2-update.win32_2.0.0.202105311346/tools/bin/../lib/gcc/arm-none-eabi/9.3.1/thumb/v7-m/nofp/crtbegin.o
                0x000000002000007c                . = ALIGN (0x4)

.bss            0x000000002000007c     0x2a54 load address 0x000000000800c980
                0x000000002000007c                _sbss = .
                0x000000002000007c                __bss_start__ = _sbss
 *(.bss)
 .bss           0x000000002000007c       0x1c c:/st/stm32cubeide_1.7.0/stm32cubeide/plugins/com.st.stm32cube.ide.mcu.externaltools.gnu-tools-for-stm32.9-2020-q2-update.win32_2.0.0.202105311346/tools/bin/../lib/gcc/arm-none-eabi/9.3.1/thumb/v7-m/nofp/crtbegin.o
 *(.bss*)
 .bss.POINT_COLOR
                0x0000000020000098        0x2 ./Core/Src/lcd.o
                0x0000000020000098                POINT_COLOR
 *fill*         0x000000002000009a        0x2 
 .bss.received_Data
                0x000000002000009c      0x800 ./Core/Src/main.o
                0x000000002000009c                received_Data
 .bss.received_Length
                0x000000002000089c        0x1 ./Core/Src/main.o
                0x000000002000089c                received_Length
 *fill*         0x000000002000089d        0x3 
 .bss.complete_recv
                0x00000000200008a0        0x4 ./Core/Src/main.o
                0x00000000200008a0                complete_recv
 .bss.question  0x00000000200008a4      0x400 ./Core/Src/main.o
                0x00000000200008a4                question
 .bss.feedback  0x0000000020000ca4      0x400 ./Core/Src/main.o
                0x0000000020000ca4                feedback
 .bss.points    0x00000000200010a4        0x4 ./Core/Src/main.o
                0x00000000200010a4                points
 .bss.time_limit
                0x00000000200010a8        0x4 ./Core/Src/main.o
                0x00000000200010a8                time_limit
 .bss.mode      0x00000000200010ac        0x4 ./Core/Src/main.o
                0x00000000200010ac                mode
 .bss.connect_flag
                0x00000000200010b0        0x4 ./Core/Src/stm32f1xx_it.o
                0x00000000200010b0                connect_flag
 .bss.sending_flag
                0x00000000200010b4        0x4 ./Core/Src/stm32f1xx_it.o
                0x00000000200010b4                sending_flag
 .bss.timer_count
                0x00000000200010b8        0x4 ./Core/Src/stm32f1xx_it.o
                0x00000000200010b8                timer_count
 .bss.connection_counter
                0x00000000200010bc        0x4 ./Core/Src/stm32f1xx_it.o
                0x00000000200010bc                connection_counter
 .bss.__sbrk_heap_end
                0x00000000200010c0        0x4 ./Core/Src/sysmem.o
 .bss.__malloc_free_list
                0x00000000200010c4        0x4 c:/st/stm32cubeide_1.7.0/stm32cubeide/plugins/com.st.stm32cube.ide.mcu.externaltools.gnu-tools-for-stm32.9-2020-q2-update.win32_2.0.0.202105311346/tools/bin/../lib/gcc/arm-none-eabi/9.3.1/../../../../arm-none-eabi/lib/thumb/v7-m/nofp\libc_nano.a(lib_a-nano-mallocr.o)
                0x00000000200010c4                __malloc_free_list
 .bss.__malloc_sbrk_start
                0x00000000200010c8        0x4 c:/st/stm32cubeide_1.7.0/stm32cubeide/plugins/com.st.stm32cube.ide.mcu.externaltools.gnu-tools-for-stm32.9-2020-q2-update.win32_2.0.0.202105311346/tools/bin/../lib/gcc/arm-none-eabi/9.3.1/../../../../arm-none-eabi/lib/thumb/v7-m/nofp\libc_nano.a(lib_a-nano-mallocr.o)
                0x00000000200010c8                __malloc_sbrk_start
 *(COMMON)
 COMMON         0x00000000200010cc        0xe ./Core/Src/lcd.o
                0x00000000200010cc                lcddev
 *fill*         0x00000000200010da        0x2 
 COMMON         0x00000000200010dc     0x19e0 ./Core/Src/main.o
                0x00000000200010dc                hdma_usart2_rx
                0x0000000020001120                htim3
                0x0000000020001168                uart1_rx_buffer
                0x0000000020001968                uRx_Data
                0x0000000020002168                hdma_usart1_rx
                0x00000000200021ac                huart1
                0x00000000200021ec                htim1
                0x0000000020002234                uart2_rx_buffer
                0x0000000020002a34                htim2
                0x0000000020002a7c                huart2
 COMMON         0x0000000020002abc        0x4 ./Drivers/STM32F1xx_HAL_Driver/Src/stm32f1xx_hal.o
                0x0000000020002abc                uwTick
 COMMON         0x0000000020002ac0        0x4 c:/st/stm32cubeide_1.7.0/stm32cubeide/plugins/com.st.stm32cube.ide.mcu.externaltools.gnu-tools-for-stm32.9-2020-q2-update.win32_2.0.0.202105311346/tools/bin/../lib/gcc/arm-none-eabi/9.3.1/../../../../arm-none-eabi/lib/thumb/v7-m/nofp\libc_nano.a(lib_a-reent.o)
                0x0000000020002ac0                errno
 COMMON         0x0000000020002ac4        0x9 c:/st/stm32cubeide_1.7.0/stm32cubeide/plugins/com.st.stm32cube.ide.mcu.externaltools.gnu-tools-for-stm32.9-2020-q2-update.win32_2.0.0.202105311346/tools/bin/../lib/gcc/arm-none-eabi/9.3.1/../../../../arm-none-eabi/lib/thumb/v7-m/nofp\libc_nano.a(lib_a-lock.o)
                0x0000000020002ac4                __lock___atexit_recursive_mutex
                0x0000000020002ac5                __lock___arc4random_mutex
                0x0000000020002ac6                __lock___env_recursive_mutex
                0x0000000020002ac7                __lock___sinit_recursive_mutex
                0x0000000020002ac8                __lock___malloc_recursive_mutex
                0x0000000020002ac9                __lock___at_quick_exit_mutex
                0x0000000020002aca                __lock___dd_hash_mutex
                0x0000000020002acb                __lock___tz_mutex
                0x0000000020002acc                __lock___sfp_recursive_mutex
                0x0000000020002ad0                . = ALIGN (0x4)
 *fill*         0x0000000020002acd        0x3 
                0x0000000020002ad0                _ebss = .
                0x0000000020002ad0                __bss_end__ = _ebss

._user_heap_stack
                0x0000000020002ad0      0x600 load address 0x000000000800c980
                0x0000000020002ad0                . = ALIGN (0x8)
                [!provide]                        PROVIDE (end = .)
                0x0000000020002ad0                PROVIDE (_end = .)
                0x0000000020002cd0                . = (. + _Min_Heap_Size)
 *fill*         0x0000000020002ad0      0x200 
                0x00000000200030d0                . = (. + _Min_Stack_Size)
 *fill*         0x0000000020002cd0      0x400 
                0x00000000200030d0                . = ALIGN (0x8)

/DISCARD/
 libc.a(*)
 libm.a(*)
 libgcc.a(*)

.ARM.attributes
                0x0000000000000000       0x29
 *(.ARM.attributes)
 .ARM.attributes
                0x0000000000000000       0x1d c:/st/stm32cubeide_1.7.0/stm32cubeide/plugins/com.st.stm32cube.ide.mcu.externaltools.gnu-tools-for-stm32.9-2020-q2-update.win32_2.0.0.202105311346/tools/bin/../lib/gcc/arm-none-eabi/9.3.1/thumb/v7-m/nofp/crti.o
 .ARM.attributes
                0x000000000000001d       0x2d c:/st/stm32cubeide_1.7.0/stm32cubeide/plugins/com.st.stm32cube.ide.mcu.externaltools.gnu-tools-for-stm32.9-2020-q2-update.win32_2.0.0.202105311346/tools/bin/../lib/gcc/arm-none-eabi/9.3.1/thumb/v7-m/nofp/crtbegin.o
 .ARM.attributes
                0x000000000000004a       0x2d ./Core/Src/lcd.o
 .ARM.attributes
                0x0000000000000077       0x2d ./Core/Src/main.o
 .ARM.attributes
                0x00000000000000a4       0x2d ./Core/Src/stm32f1xx_hal_msp.o
 .ARM.attributes
                0x00000000000000d1       0x2d ./Core/Src/stm32f1xx_it.o
 .ARM.attributes
                0x00000000000000fe       0x2d ./Core/Src/sysmem.o
 .ARM.attributes
                0x000000000000012b       0x2d ./Core/Src/system_stm32f1xx.o
 .ARM.attributes
                0x0000000000000158       0x21 ./Core/Startup/startup_stm32f103rctx.o
 .ARM.attributes
                0x0000000000000179       0x2d ./Drivers/STM32F1xx_HAL_Driver/Src/stm32f1xx_hal.o
 .ARM.attributes
                0x00000000000001a6       0x2d ./Drivers/STM32F1xx_HAL_Driver/Src/stm32f1xx_hal_cortex.o
 .ARM.attributes
                0x00000000000001d3       0x2d ./Drivers/STM32F1xx_HAL_Driver/Src/stm32f1xx_hal_dma.o
 .ARM.attributes
                0x0000000000000200       0x2d ./Drivers/STM32F1xx_HAL_Driver/Src/stm32f1xx_hal_gpio.o
 .ARM.attributes
                0x000000000000022d       0x2d ./Drivers/STM32F1xx_HAL_Driver/Src/stm32f1xx_hal_rcc.o
 .ARM.attributes
                0x000000000000025a       0x2d ./Drivers/STM32F1xx_HAL_Driver/Src/stm32f1xx_hal_tim.o
 .ARM.attributes
                0x0000000000000287       0x2d ./Drivers/STM32F1xx_HAL_Driver/Src/stm32f1xx_hal_tim_ex.o
 .ARM.attributes
                0x00000000000002b4       0x2d ./Drivers/STM32F1xx_HAL_Driver/Src/stm32f1xx_hal_uart.o
 .ARM.attributes
                0x00000000000002e1       0x2d c:/st/stm32cubeide_1.7.0/stm32cubeide/plugins/com.st.stm32cube.ide.mcu.externaltools.gnu-tools-for-stm32.9-2020-q2-update.win32_2.0.0.202105311346/tools/bin/../lib/gcc/arm-none-eabi/9.3.1/../../../../arm-none-eabi/lib/thumb/v7-m/nofp\libc_nano.a(lib_a-errno.o)
 .ARM.attributes
                0x000000000000030e       0x2d c:/st/stm32cubeide_1.7.0/stm32cubeide/plugins/com.st.stm32cube.ide.mcu.externaltools.gnu-tools-for-stm32.9-2020-q2-update.win32_2.0.0.202105311346/tools/bin/../lib/gcc/arm-none-eabi/9.3.1/../../../../arm-none-eabi/lib/thumb/v7-m/nofp\libc_nano.a(lib_a-impure.o)
 .ARM.attributes
                0x000000000000033b       0x2d c:/st/stm32cubeide_1.7.0/stm32cubeide/plugins/com.st.stm32cube.ide.mcu.externaltools.gnu-tools-for-stm32.9-2020-q2-update.win32_2.0.0.202105311346/tools/bin/../lib/gcc/arm-none-eabi/9.3.1/../../../../arm-none-eabi/lib/thumb/v7-m/nofp\libc_nano.a(lib_a-init.o)
 .ARM.attributes
                0x0000000000000368       0x2d c:/st/stm32cubeide_1.7.0/stm32cubeide/plugins/com.st.stm32cube.ide.mcu.externaltools.gnu-tools-for-stm32.9-2020-q2-update.win32_2.0.0.202105311346/tools/bin/../lib/gcc/arm-none-eabi/9.3.1/../../../../arm-none-eabi/lib/thumb/v7-m/nofp\libc_nano.a(lib_a-memset.o)
 .ARM.attributes
                0x0000000000000395       0x2d c:/st/stm32cubeide_1.7.0/stm32cubeide/plugins/com.st.stm32cube.ide.mcu.externaltools.gnu-tools-for-stm32.9-2020-q2-update.win32_2.0.0.202105311346/tools/bin/../lib/gcc/arm-none-eabi/9.3.1/../../../../arm-none-eabi/lib/thumb/v7-m/nofp\libc_nano.a(lib_a-sprintf.o)
 .ARM.attributes
                0x00000000000003c2       0x1b c:/st/stm32cubeide_1.7.0/stm32cubeide/plugins/com.st.stm32cube.ide.mcu.externaltools.gnu-tools-for-stm32.9-2020-q2-update.win32_2.0.0.202105311346/tools/bin/../lib/gcc/arm-none-eabi/9.3.1/../../../../arm-none-eabi/lib/thumb/v7-m/nofp\libc_nano.a(lib_a-strcmp.o)
 .ARM.attributes
                0x00000000000003dd       0x17 c:/st/stm32cubeide_1.7.0/stm32cubeide/plugins/com.st.stm32cube.ide.mcu.externaltools.gnu-tools-for-stm32.9-2020-q2-update.win32_2.0.0.202105311346/tools/bin/../lib/gcc/arm-none-eabi/9.3.1/../../../../arm-none-eabi/lib/thumb/v7-m/nofp\libc_nano.a(lib_a-strlen.o)
 .ARM.attributes
                0x00000000000003f4       0x2d c:/st/stm32cubeide_1.7.0/stm32cubeide/plugins/com.st.stm32cube.ide.mcu.externaltools.gnu-tools-for-stm32.9-2020-q2-update.win32_2.0.0.202105311346/tools/bin/../lib/gcc/arm-none-eabi/9.3.1/../../../../arm-none-eabi/lib/thumb/v7-m/nofp\libc_nano.a(lib_a-strncmp.o)
 .ARM.attributes
                0x0000000000000421       0x2d c:/st/stm32cubeide_1.7.0/stm32cubeide/plugins/com.st.stm32cube.ide.mcu.externaltools.gnu-tools-for-stm32.9-2020-q2-update.win32_2.0.0.202105311346/tools/bin/../lib/gcc/arm-none-eabi/9.3.1/../../../../arm-none-eabi/lib/thumb/v7-m/nofp\libc_nano.a(lib_a-strstr.o)
 .ARM.attributes
                0x000000000000044e       0x2d c:/st/stm32cubeide_1.7.0/stm32cubeide/plugins/com.st.stm32cube.ide.mcu.externaltools.gnu-tools-for-stm32.9-2020-q2-update.win32_2.0.0.202105311346/tools/bin/../lib/gcc/arm-none-eabi/9.3.1/../../../../arm-none-eabi/lib/thumb/v7-m/nofp\libc_nano.a(lib_a-nano-svfprintf.o)
 .ARM.attributes
                0x000000000000047b       0x2d c:/st/stm32cubeide_1.7.0/stm32cubeide/plugins/com.st.stm32cube.ide.mcu.externaltools.gnu-tools-for-stm32.9-2020-q2-update.win32_2.0.0.202105311346/tools/bin/../lib/gcc/arm-none-eabi/9.3.1/../../../../arm-none-eabi/lib/thumb/v7-m/nofp\libc_nano.a(lib_a-nano-vfprintf_i.o)
 .ARM.attributes
                0x00000000000004a8       0x2d c:/st/stm32cubeide_1.7.0/stm32cubeide/plugins/com.st.stm32cube.ide.mcu.externaltools.gnu-tools-for-stm32.9-2020-q2-update.win32_2.0.0.202105311346/tools/bin/../lib/gcc/arm-none-eabi/9.3.1/../../../../arm-none-eabi/lib/thumb/v7-m/nofp\libc_nano.a(lib_a-memchr-stub.o)
 .ARM.attributes
                0x00000000000004d5       0x2d c:/st/stm32cubeide_1.7.0/stm32cubeide/plugins/com.st.stm32cube.ide.mcu.externaltools.gnu-tools-for-stm32.9-2020-q2-update.win32_2.0.0.202105311346/tools/bin/../lib/gcc/arm-none-eabi/9.3.1/../../../../arm-none-eabi/lib/thumb/v7-m/nofp\libc_nano.a(lib_a-memcpy-stub.o)
 .ARM.attributes
                0x0000000000000502       0x2d c:/st/stm32cubeide_1.7.0/stm32cubeide/plugins/com.st.stm32cube.ide.mcu.externaltools.gnu-tools-for-stm32.9-2020-q2-update.win32_2.0.0.202105311346/tools/bin/../lib/gcc/arm-none-eabi/9.3.1/../../../../arm-none-eabi/lib/thumb/v7-m/nofp\libc_nano.a(lib_a-memmove.o)
 .ARM.attributes
                0x000000000000052f       0x2d c:/st/stm32cubeide_1.7.0/stm32cubeide/plugins/com.st.stm32cube.ide.mcu.externaltools.gnu-tools-for-stm32.9-2020-q2-update.win32_2.0.0.202105311346/tools/bin/../lib/gcc/arm-none-eabi/9.3.1/../../../../arm-none-eabi/lib/thumb/v7-m/nofp\libc_nano.a(lib_a-nano-freer.o)
 .ARM.attributes
                0x000000000000055c       0x2d c:/st/stm32cubeide_1.7.0/stm32cubeide/plugins/com.st.stm32cube.ide.mcu.externaltools.gnu-tools-for-stm32.9-2020-q2-update.win32_2.0.0.202105311346/tools/bin/../lib/gcc/arm-none-eabi/9.3.1/../../../../arm-none-eabi/lib/thumb/v7-m/nofp\libc_nano.a(lib_a-nano-mallocr.o)
 .ARM.attributes
                0x0000000000000589       0x2d c:/st/stm32cubeide_1.7.0/stm32cubeide/plugins/com.st.stm32cube.ide.mcu.externaltools.gnu-tools-for-stm32.9-2020-q2-update.win32_2.0.0.202105311346/tools/bin/../lib/gcc/arm-none-eabi/9.3.1/../../../../arm-none-eabi/lib/thumb/v7-m/nofp\libc_nano.a(lib_a-nano-reallocr.o)
 .ARM.attributes
                0x00000000000005b6       0x2d c:/st/stm32cubeide_1.7.0/stm32cubeide/plugins/com.st.stm32cube.ide.mcu.externaltools.gnu-tools-for-stm32.9-2020-q2-update.win32_2.0.0.202105311346/tools/bin/../lib/gcc/arm-none-eabi/9.3.1/../../../../arm-none-eabi/lib/thumb/v7-m/nofp\libc_nano.a(lib_a-sbrkr.o)
 .ARM.attributes
                0x00000000000005e3       0x2d c:/st/stm32cubeide_1.7.0/stm32cubeide/plugins/com.st.stm32cube.ide.mcu.externaltools.gnu-tools-for-stm32.9-2020-q2-update.win32_2.0.0.202105311346/tools/bin/../lib/gcc/arm-none-eabi/9.3.1/../../../../arm-none-eabi/lib/thumb/v7-m/nofp\libc_nano.a(lib_a-mlock.o)
 .ARM.attributes
                0x0000000000000610       0x2d c:/st/stm32cubeide_1.7.0/stm32cubeide/plugins/com.st.stm32cube.ide.mcu.externaltools.gnu-tools-for-stm32.9-2020-q2-update.win32_2.0.0.202105311346/tools/bin/../lib/gcc/arm-none-eabi/9.3.1/../../../../arm-none-eabi/lib/thumb/v7-m/nofp\libc_nano.a(lib_a-nano-msizer.o)
 .ARM.attributes
                0x000000000000063d       0x2d c:/st/stm32cubeide_1.7.0/stm32cubeide/plugins/com.st.stm32cube.ide.mcu.externaltools.gnu-tools-for-stm32.9-2020-q2-update.win32_2.0.0.202105311346/tools/bin/../lib/gcc/arm-none-eabi/9.3.1/../../../../arm-none-eabi/lib/thumb/v7-m/nofp\libc_nano.a(lib_a-reent.o)
 .ARM.attributes
                0x000000000000066a       0x2d c:/st/stm32cubeide_1.7.0/stm32cubeide/plugins/com.st.stm32cube.ide.mcu.externaltools.gnu-tools-for-stm32.9-2020-q2-update.win32_2.0.0.202105311346/tools/bin/../lib/gcc/arm-none-eabi/9.3.1/../../../../arm-none-eabi/lib/thumb/v7-m/nofp\libc_nano.a(lib_a-lock.o)
 .ARM.attributes
                0x0000000000000697       0x1d c:/st/stm32cubeide_1.7.0/stm32cubeide/plugins/com.st.stm32cube.ide.mcu.externaltools.gnu-tools-for-stm32.9-2020-q2-update.win32_2.0.0.202105311346/tools/bin/../lib/gcc/arm-none-eabi/9.3.1/thumb/v7-m/nofp\libgcc.a(_arm_muldf3.o)
 .ARM.attributes
                0x00000000000006b4       0x1d c:/st/stm32cubeide_1.7.0/stm32cubeide/plugins/com.st.stm32cube.ide.mcu.externaltools.gnu-tools-for-stm32.9-2020-q2-update.win32_2.0.0.202105311346/tools/bin/../lib/gcc/arm-none-eabi/9.3.1/thumb/v7-m/nofp\libgcc.a(_arm_addsubdf3.o)
 .ARM.attributes
                0x00000000000006d1       0x1d c:/st/stm32cubeide_1.7.0/stm32cubeide/plugins/com.st.stm32cube.ide.mcu.externaltools.gnu-tools-for-stm32.9-2020-q2-update.win32_2.0.0.202105311346/tools/bin/../lib/gcc/arm-none-eabi/9.3.1/thumb/v7-m/nofp\libgcc.a(_arm_fixunsdfsi.o)
 .ARM.attributes
                0x00000000000006ee       0x1d c:/st/stm32cubeide_1.7.0/stm32cubeide/plugins/com.st.stm32cube.ide.mcu.externaltools.gnu-tools-for-stm32.9-2020-q2-update.win32_2.0.0.202105311346/tools/bin/../lib/gcc/arm-none-eabi/9.3.1/thumb/v7-m/nofp/crtn.o
OUTPUT(final-project.elf elf32-littlearm)
LOAD linker stubs
LOAD c:/st/stm32cubeide_1.7.0/stm32cubeide/plugins/com.st.stm32cube.ide.mcu.externaltools.gnu-tools-for-stm32.9-2020-q2-update.win32_2.0.0.202105311346/tools/bin/../lib/gcc/arm-none-eabi/9.3.1/../../../../arm-none-eabi/lib/thumb/v7-m/nofp\libc.a
LOAD c:/st/stm32cubeide_1.7.0/stm32cubeide/plugins/com.st.stm32cube.ide.mcu.externaltools.gnu-tools-for-stm32.9-2020-q2-update.win32_2.0.0.202105311346/tools/bin/../lib/gcc/arm-none-eabi/9.3.1/../../../../arm-none-eabi/lib/thumb/v7-m/nofp\libm.a
LOAD c:/st/stm32cubeide_1.7.0/stm32cubeide/plugins/com.st.stm32cube.ide.mcu.externaltools.gnu-tools-for-stm32.9-2020-q2-update.win32_2.0.0.202105311346/tools/bin/../lib/gcc/arm-none-eabi/9.3.1/thumb/v7-m/nofp\libgcc.a

.debug_info     0x0000000000000000     0xe6fd
 .debug_info    0x0000000000000000     0x17cb ./Core/Src/lcd.o
 .debug_info    0x00000000000017cb     0x1d19 ./Core/Src/main.o
 .debug_info    0x00000000000034e4      0xeca ./Core/Src/stm32f1xx_hal_msp.o
 .debug_info    0x00000000000043ae     0x1891 ./Core/Src/stm32f1xx_it.o
 .debug_info    0x0000000000005c3f      0xa25 ./Core/Src/sysmem.o
 .debug_info    0x0000000000006664      0x2be ./Core/Src/system_stm32f1xx.o
 .debug_info    0x0000000000006922       0x22 ./Core/Startup/startup_stm32f103rctx.o
 .debug_info    0x0000000000006944      0x7d0 ./Drivers/STM32F1xx_HAL_Driver/Src/stm32f1xx_hal.o
 .debug_info    0x0000000000007114      0xc42 ./Drivers/STM32F1xx_HAL_Driver/Src/stm32f1xx_hal_cortex.o
 .debug_info    0x0000000000007d56      0x81e ./Drivers/STM32F1xx_HAL_Driver/Src/stm32f1xx_hal_dma.o
 .debug_info    0x0000000000008574      0x701 ./Drivers/STM32F1xx_HAL_Driver/Src/stm32f1xx_hal_gpio.o
 .debug_info    0x0000000000008c75      0x88e ./Drivers/STM32F1xx_HAL_Driver/Src/stm32f1xx_hal_rcc.o
 .debug_info    0x0000000000009503     0x2a43 ./Drivers/STM32F1xx_HAL_Driver/Src/stm32f1xx_hal_tim.o
 .debug_info    0x000000000000bf46     0x1495 ./Drivers/STM32F1xx_HAL_Driver/Src/stm32f1xx_hal_tim_ex.o
 .debug_info    0x000000000000d3db     0x1322 ./Drivers/STM32F1xx_HAL_Driver/Src/stm32f1xx_hal_uart.o

.debug_abbrev   0x0000000000000000     0x21c3
 .debug_abbrev  0x0000000000000000      0x355 ./Core/Src/lcd.o
 .debug_abbrev  0x0000000000000355      0x378 ./Core/Src/main.o
 .debug_abbrev  0x00000000000006cd      0x1f5 ./Core/Src/stm32f1xx_hal_msp.o
 .debug_abbrev  0x00000000000008c2      0x32b ./Core/Src/stm32f1xx_it.o
 .debug_abbrev  0x0000000000000bed      0x1bf ./Core/Src/sysmem.o
 .debug_abbrev  0x0000000000000dac      0x14e ./Core/Src/system_stm32f1xx.o
 .debug_abbrev  0x0000000000000efa       0x12 ./Core/Startup/startup_stm32f103rctx.o
 .debug_abbrev  0x0000000000000f0c      0x1ed ./Drivers/STM32F1xx_HAL_Driver/Src/stm32f1xx_hal.o
 .debug_abbrev  0x00000000000010f9      0x313 ./Drivers/STM32F1xx_HAL_Driver/Src/stm32f1xx_hal_cortex.o
 .debug_abbrev  0x000000000000140c      0x228 ./Drivers/STM32F1xx_HAL_Driver/Src/stm32f1xx_hal_dma.o
 .debug_abbrev  0x0000000000001634      0x1e8 ./Drivers/STM32F1xx_HAL_Driver/Src/stm32f1xx_hal_gpio.o
 .debug_abbrev  0x000000000000181c      0x273 ./Drivers/STM32F1xx_HAL_Driver/Src/stm32f1xx_hal_rcc.o
 .debug_abbrev  0x0000000000001a8f      0x25e ./Drivers/STM32F1xx_HAL_Driver/Src/stm32f1xx_hal_tim.o
 .debug_abbrev  0x0000000000001ced      0x266 ./Drivers/STM32F1xx_HAL_Driver/Src/stm32f1xx_hal_tim_ex.o
 .debug_abbrev  0x0000000000001f53      0x270 ./Drivers/STM32F1xx_HAL_Driver/Src/stm32f1xx_hal_uart.o

.debug_aranges  0x0000000000000000      0xd98
 .debug_aranges
                0x0000000000000000      0x118 ./Core/Src/lcd.o
 .debug_aranges
                0x0000000000000118       0x98 ./Core/Src/main.o
 .debug_aranges
                0x00000000000001b0       0x40 ./Core/Src/stm32f1xx_hal_msp.o
 .debug_aranges
                0x00000000000001f0       0xe8 ./Core/Src/stm32f1xx_it.o
 .debug_aranges
                0x00000000000002d8       0x20 ./Core/Src/sysmem.o
 .debug_aranges
                0x00000000000002f8       0x28 ./Core/Src/system_stm32f1xx.o
 .debug_aranges
                0x0000000000000320       0x28 ./Core/Startup/startup_stm32f103rctx.o
 .debug_aranges
                0x0000000000000348       0xe0 ./Drivers/STM32F1xx_HAL_Driver/Src/stm32f1xx_hal.o
 .debug_aranges
                0x0000000000000428      0x100 ./Drivers/STM32F1xx_HAL_Driver/Src/stm32f1xx_hal_cortex.o
 .debug_aranges
                0x0000000000000528       0x80 ./Drivers/STM32F1xx_HAL_Driver/Src/stm32f1xx_hal_dma.o
 .debug_aranges
                0x00000000000005a8       0x58 ./Drivers/STM32F1xx_HAL_Driver/Src/stm32f1xx_hal_gpio.o
 .debug_aranges
                0x0000000000000600       0x90 ./Drivers/STM32F1xx_HAL_Driver/Src/stm32f1xx_hal_rcc.o
 .debug_aranges
                0x0000000000000690      0x3d0 ./Drivers/STM32F1xx_HAL_Driver/Src/stm32f1xx_hal_tim.o
 .debug_aranges
                0x0000000000000a60      0x168 ./Drivers/STM32F1xx_HAL_Driver/Src/stm32f1xx_hal_tim_ex.o
 .debug_aranges
                0x0000000000000bc8      0x1d0 ./Drivers/STM32F1xx_HAL_Driver/Src/stm32f1xx_hal_uart.o

.debug_ranges   0x0000000000000000      0xcd0
 .debug_ranges  0x0000000000000000      0x108 ./Core/Src/lcd.o
 .debug_ranges  0x0000000000000108       0x88 ./Core/Src/main.o
 .debug_ranges  0x0000000000000190       0x30 ./Core/Src/stm32f1xx_hal_msp.o
 .debug_ranges  0x00000000000001c0       0xf8 ./Core/Src/stm32f1xx_it.o
 .debug_ranges  0x00000000000002b8       0x10 ./Core/Src/sysmem.o
 .debug_ranges  0x00000000000002c8       0x18 ./Core/Src/system_stm32f1xx.o
 .debug_ranges  0x00000000000002e0       0x20 ./Core/Startup/startup_stm32f103rctx.o
 .debug_ranges  0x0000000000000300       0xd0 ./Drivers/STM32F1xx_HAL_Driver/Src/stm32f1xx_hal.o
 .debug_ranges  0x00000000000003d0       0xf0 ./Drivers/STM32F1xx_HAL_Driver/Src/stm32f1xx_hal_cortex.o
 .debug_ranges  0x00000000000004c0       0x70 ./Drivers/STM32F1xx_HAL_Driver/Src/stm32f1xx_hal_dma.o
 .debug_ranges  0x0000000000000530       0x48 ./Drivers/STM32F1xx_HAL_Driver/Src/stm32f1xx_hal_gpio.o
 .debug_ranges  0x0000000000000578       0x80 ./Drivers/STM32F1xx_HAL_Driver/Src/stm32f1xx_hal_rcc.o
 .debug_ranges  0x00000000000005f8      0x3c0 ./Drivers/STM32F1xx_HAL_Driver/Src/stm32f1xx_hal_tim.o
 .debug_ranges  0x00000000000009b8      0x158 ./Drivers/STM32F1xx_HAL_Driver/Src/stm32f1xx_hal_tim_ex.o
 .debug_ranges  0x0000000000000b10      0x1c0 ./Drivers/STM32F1xx_HAL_Driver/Src/stm32f1xx_hal_uart.o

.debug_macro    0x0000000000000000    0x1a058
 .debug_macro   0x0000000000000000      0x297 ./Core/Src/lcd.o
 .debug_macro   0x0000000000000297      0xa9c ./Core/Src/lcd.o
 .debug_macro   0x0000000000000d33      0x221 ./Core/Src/lcd.o
 .debug_macro   0x0000000000000f54       0x2e ./Core/Src/lcd.o
 .debug_macro   0x0000000000000f82       0x22 ./Core/Src/lcd.o
 .debug_macro   0x0000000000000fa4       0x22 ./Core/Src/lcd.o
 .debug_macro   0x0000000000000fc6       0x8e ./Core/Src/lcd.o
 .debug_macro   0x0000000000001054       0x51 ./Core/Src/lcd.o
 .debug_macro   0x00000000000010a5      0x103 ./Core/Src/lcd.o
 .debug_macro   0x00000000000011a8       0x6a ./Core/Src/lcd.o
 .debug_macro   0x0000000000001212      0x1df ./Core/Src/lcd.o
 .debug_macro   0x00000000000013f1       0x1c ./Core/Src/lcd.o
 .debug_macro   0x000000000000140d       0x22 ./Core/Src/lcd.o
 .debug_macro   0x000000000000142f       0xc3 ./Core/Src/lcd.o
 .debug_macro   0x00000000000014f2      0xd23 ./Core/Src/lcd.o
 .debug_macro   0x0000000000002215     0xfd85 ./Core/Src/lcd.o
 .debug_macro   0x0000000000011f9a       0x43 ./Core/Src/lcd.o
 .debug_macro   0x0000000000011fdd     0x3468 ./Core/Src/lcd.o
 .debug_macro   0x0000000000015445      0x174 ./Core/Src/lcd.o
 .debug_macro   0x00000000000155b9       0x5c ./Core/Src/lcd.o
 .debug_macro   0x0000000000015615      0x5be ./Core/Src/lcd.o
 .debug_macro   0x0000000000015bd3      0x4d5 ./Core/Src/lcd.o
 .debug_macro   0x00000000000160a8      0x1cb ./Core/Src/lcd.o
 .debug_macro   0x0000000000016273      0x114 ./Core/Src/lcd.o
 .debug_macro   0x0000000000016387      0x1ea ./Core/Src/lcd.o
 .debug_macro   0x0000000000016571       0x27 ./Core/Src/lcd.o
 .debug_macro   0x0000000000016598      0x144 ./Core/Src/lcd.o
 .debug_macro   0x00000000000166dc      0x1bc ./Core/Src/lcd.o
 .debug_macro   0x0000000000016898       0x30 ./Core/Src/lcd.o
 .debug_macro   0x00000000000168c8       0x3c ./Core/Src/lcd.o
 .debug_macro   0x0000000000016904       0x57 ./Core/Src/lcd.o
 .debug_macro   0x000000000001695b       0x88 ./Core/Src/lcd.o
 .debug_macro   0x00000000000169e3      0x24f ./Core/Src/lcd.o
 .debug_macro   0x0000000000016c32      0x141 ./Core/Src/lcd.o
 .debug_macro   0x0000000000016d73      0x8d1 ./Core/Src/lcd.o
 .debug_macro   0x0000000000017644      0x26b ./Core/Src/lcd.o
 .debug_macro   0x00000000000178af       0xb5 ./Core/Src/lcd.o
 .debug_macro   0x0000000000017964       0x40 ./Core/Src/lcd.o
 .debug_macro   0x00000000000179a4       0x18 ./Core/Src/lcd.o
 .debug_macro   0x00000000000179bc       0x52 ./Core/Src/lcd.o
 .debug_macro   0x0000000000017a0e       0x3c ./Core/Src/lcd.o
 .debug_macro   0x0000000000017a4a       0x34 ./Core/Src/lcd.o
 .debug_macro   0x0000000000017a7e       0x16 ./Core/Src/lcd.o
 .debug_macro   0x0000000000017a94       0x35 ./Core/Src/lcd.o
 .debug_macro   0x0000000000017ac9       0x16 ./Core/Src/lcd.o
 .debug_macro   0x0000000000017adf       0x43 ./Core/Src/lcd.o
 .debug_macro   0x0000000000017b22       0x34 ./Core/Src/lcd.o
 .debug_macro   0x0000000000017b56       0x10 ./Core/Src/lcd.o
 .debug_macro   0x0000000000017b66       0x58 ./Core/Src/lcd.o
 .debug_macro   0x0000000000017bbe       0x71 ./Core/Src/lcd.o
 .debug_macro   0x0000000000017c2f       0x1c ./Core/Src/lcd.o
 .debug_macro   0x0000000000017c4b      0x12a ./Core/Src/lcd.o
 .debug_macro   0x0000000000017d75      0x333 ./Core/Src/lcd.o
 .debug_macro   0x00000000000180a8       0x16 ./Core/Src/lcd.o
 .debug_macro   0x00000000000180be       0x29 ./Core/Src/lcd.o
 .debug_macro   0x00000000000180e7      0x1dc ./Core/Src/lcd.o
 .debug_macro   0x00000000000182c3      0x291 ./Core/Src/main.o
 .debug_macro   0x0000000000018554      0x1b2 ./Core/Src/stm32f1xx_hal_msp.o
 .debug_macro   0x0000000000018706      0x31b ./Core/Src/stm32f1xx_it.o
 .debug_macro   0x0000000000018a21       0x16 ./Core/Src/stm32f1xx_it.o
 .debug_macro   0x0000000000018a37       0x10 ./Core/Src/stm32f1xx_it.o
 .debug_macro   0x0000000000018a47       0x10 ./Core/Src/stm32f1xx_it.o
 .debug_macro   0x0000000000018a57       0x1c ./Core/Src/stm32f1xx_it.o
 .debug_macro   0x0000000000018a73       0x52 ./Core/Src/stm32f1xx_it.o
 .debug_macro   0x0000000000018ac5       0x22 ./Core/Src/stm32f1xx_it.o
 .debug_macro   0x0000000000018ae7       0x10 ./Core/Src/stm32f1xx_it.o
 .debug_macro   0x0000000000018af7       0x40 ./Core/Src/stm32f1xx_it.o
 .debug_macro   0x0000000000018b37       0xd5 ./Core/Src/stm32f1xx_it.o
 .debug_macro   0x0000000000018c0c       0x1c ./Core/Src/stm32f1xx_it.o
 .debug_macro   0x0000000000018c28       0x3d ./Core/Src/stm32f1xx_it.o
 .debug_macro   0x0000000000018c65       0x16 ./Core/Src/stm32f1xx_it.o
 .debug_macro   0x0000000000018c7b      0x145 ./Core/Src/stm32f1xx_it.o
 .debug_macro   0x0000000000018dc0       0xff ./Core/Src/sysmem.o
 .debug_macro   0x0000000000018ebf      0x23b ./Core/Src/sysmem.o
 .debug_macro   0x00000000000190fa      0x1a3 ./Core/Src/system_stm32f1xx.o
 .debug_macro   0x000000000001929d      0x1c7 ./Drivers/STM32F1xx_HAL_Driver/Src/stm32f1xx_hal.o
 .debug_macro   0x0000000000019464      0x1a3 ./Drivers/STM32F1xx_HAL_Driver/Src/stm32f1xx_hal_cortex.o
 .debug_macro   0x0000000000019607      0x1a3 ./Drivers/STM32F1xx_HAL_Driver/Src/stm32f1xx_hal_dma.o
 .debug_macro   0x00000000000197aa      0x20e ./Drivers/STM32F1xx_HAL_Driver/Src/stm32f1xx_hal_gpio.o
 .debug_macro   0x00000000000199b8      0x1b5 ./Drivers/STM32F1xx_HAL_Driver/Src/stm32f1xx_hal_rcc.o
 .debug_macro   0x0000000000019b6d      0x1a4 ./Drivers/STM32F1xx_HAL_Driver/Src/stm32f1xx_hal_tim.o
 .debug_macro   0x0000000000019d11      0x1a3 ./Drivers/STM32F1xx_HAL_Driver/Src/stm32f1xx_hal_tim_ex.o
 .debug_macro   0x0000000000019eb4      0x1a4 ./Drivers/STM32F1xx_HAL_Driver/Src/stm32f1xx_hal_uart.o

.debug_line     0x0000000000000000     0xef92
 .debug_line    0x0000000000000000     0x1dc4 ./Core/Src/lcd.o
 .debug_line    0x0000000000001dc4      0xbef ./Core/Src/main.o
 .debug_line    0x00000000000029b3      0x7d3 ./Core/Src/stm32f1xx_hal_msp.o
 .debug_line    0x0000000000003186      0xd9b ./Core/Src/stm32f1xx_it.o
 .debug_line    0x0000000000003f21      0x4f8 ./Core/Src/sysmem.o
 .debug_line    0x0000000000004419      0x6fb ./Core/Src/system_stm32f1xx.o
 .debug_line    0x0000000000004b14       0x84 ./Core/Startup/startup_stm32f103rctx.o
 .debug_line    0x0000000000004b98      0x928 ./Drivers/STM32F1xx_HAL_Driver/Src/stm32f1xx_hal.o
 .debug_line    0x00000000000054c0      0xb10 ./Drivers/STM32F1xx_HAL_Driver/Src/stm32f1xx_hal_cortex.o
 .debug_line    0x0000000000005fd0     0x1252 ./Drivers/STM32F1xx_HAL_Driver/Src/stm32f1xx_hal_dma.o
 .debug_line    0x0000000000007222      0x9e7 ./Drivers/STM32F1xx_HAL_Driver/Src/stm32f1xx_hal_gpio.o
 .debug_line    0x0000000000007c09      0xd36 ./Drivers/STM32F1xx_HAL_Driver/Src/stm32f1xx_hal_rcc.o
 .debug_line    0x000000000000893f     0x34ef ./Drivers/STM32F1xx_HAL_Driver/Src/stm32f1xx_hal_tim.o
 .debug_line    0x000000000000be2e     0x1a32 ./Drivers/STM32F1xx_HAL_Driver/Src/stm32f1xx_hal_tim_ex.o
 .debug_line    0x000000000000d860     0x1732 ./Drivers/STM32F1xx_HAL_Driver/Src/stm32f1xx_hal_uart.o

.debug_str      0x0000000000000000    0x99426
 .debug_str     0x0000000000000000    0x94a4d ./Core/Src/lcd.o
                                      0x94f04 (size before relaxing)
 .debug_str     0x0000000000094a4d      0xc8e ./Core/Src/main.o
                                      0x95a3f (size before relaxing)
 .debug_str     0x00000000000956db       0xba ./Core/Src/stm32f1xx_hal_msp.o
                                      0x91eb8 (size before relaxing)
 .debug_str     0x0000000000095795     0x11af ./Core/Src/stm32f1xx_it.o
                                      0x95dd4 (size before relaxing)
 .debug_str     0x0000000000096944      0x4e9 ./Core/Src/sysmem.o
                                       0x6255 (size before relaxing)
 .debug_str     0x0000000000096e2d       0x52 ./Core/Src/system_stm32f1xx.o
                                      0x912ae (size before relaxing)
 .debug_str     0x0000000000096e7f       0x36 ./Core/Startup/startup_stm32f103rctx.o
                                         0x69 (size before relaxing)
 .debug_str     0x0000000000096eb5      0x304 ./Drivers/STM32F1xx_HAL_Driver/Src/stm32f1xx_hal.o
                                      0x91a23 (size before relaxing)
 .debug_str     0x00000000000971b9      0x300 ./Drivers/STM32F1xx_HAL_Driver/Src/stm32f1xx_hal_cortex.o
                                      0x91a2b (size before relaxing)
 .debug_str     0x00000000000974b9      0x230 ./Drivers/STM32F1xx_HAL_Driver/Src/stm32f1xx_hal_dma.o
                                      0x91689 (size before relaxing)
 .debug_str     0x00000000000976e9      0x2ff ./Drivers/STM32F1xx_HAL_Driver/Src/stm32f1xx_hal_gpio.o
                                      0x91672 (size before relaxing)
 .debug_str     0x00000000000979e8      0x24f ./Drivers/STM32F1xx_HAL_Driver/Src/stm32f1xx_hal_rcc.o
                                      0x916ab (size before relaxing)
 .debug_str     0x0000000000097c37      0xdc3 ./Drivers/STM32F1xx_HAL_Driver/Src/stm32f1xx_hal_tim.o
                                      0x9267d (size before relaxing)
 .debug_str     0x00000000000989fa      0x517 ./Drivers/STM32F1xx_HAL_Driver/Src/stm32f1xx_hal_tim_ex.o
                                      0x91e57 (size before relaxing)
 .debug_str     0x0000000000098f11      0x515 ./Drivers/STM32F1xx_HAL_Driver/Src/stm32f1xx_hal_uart.o
                                      0x91bb1 (size before relaxing)

.comment        0x0000000000000000       0x53
 .comment       0x0000000000000000       0x53 ./Core/Src/lcd.o
                                         0x54 (size before relaxing)
 .comment       0x0000000000000053       0x54 ./Core/Src/main.o
 .comment       0x0000000000000053       0x54 ./Core/Src/stm32f1xx_hal_msp.o
 .comment       0x0000000000000053       0x54 ./Core/Src/stm32f1xx_it.o
 .comment       0x0000000000000053       0x54 ./Core/Src/sysmem.o
 .comment       0x0000000000000053       0x54 ./Core/Src/system_stm32f1xx.o
 .comment       0x0000000000000053       0x54 ./Drivers/STM32F1xx_HAL_Driver/Src/stm32f1xx_hal.o
 .comment       0x0000000000000053       0x54 ./Drivers/STM32F1xx_HAL_Driver/Src/stm32f1xx_hal_cortex.o
 .comment       0x0000000000000053       0x54 ./Drivers/STM32F1xx_HAL_Driver/Src/stm32f1xx_hal_dma.o
 .comment       0x0000000000000053       0x54 ./Drivers/STM32F1xx_HAL_Driver/Src/stm32f1xx_hal_gpio.o
 .comment       0x0000000000000053       0x54 ./Drivers/STM32F1xx_HAL_Driver/Src/stm32f1xx_hal_rcc.o
 .comment       0x0000000000000053       0x54 ./Drivers/STM32F1xx_HAL_Driver/Src/stm32f1xx_hal_tim.o
 .comment       0x0000000000000053       0x54 ./Drivers/STM32F1xx_HAL_Driver/Src/stm32f1xx_hal_tim_ex.o
 .comment       0x0000000000000053       0x54 ./Drivers/STM32F1xx_HAL_Driver/Src/stm32f1xx_hal_uart.o

.debug_frame    0x0000000000000000     0x3e60
 .debug_frame   0x0000000000000000      0x4d4 ./Core/Src/lcd.o
 .debug_frame   0x00000000000004d4      0x23c ./Core/Src/main.o
 .debug_frame   0x0000000000000710       0xc8 ./Core/Src/stm32f1xx_hal_msp.o
 .debug_frame   0x00000000000007d8      0x320 ./Core/Src/stm32f1xx_it.o
 .debug_frame   0x0000000000000af8       0x34 ./Core/Src/sysmem.o
 .debug_frame   0x0000000000000b2c       0x58 ./Core/Src/system_stm32f1xx.o
 .debug_frame   0x0000000000000b84      0x334 ./Drivers/STM32F1xx_HAL_Driver/Src/stm32f1xx_hal.o
 .debug_frame   0x0000000000000eb8      0x428 ./Drivers/STM32F1xx_HAL_Driver/Src/stm32f1xx_hal_cortex.o
 .debug_frame   0x00000000000012e0      0x20c ./Drivers/STM32F1xx_HAL_Driver/Src/stm32f1xx_hal_dma.o
 .debug_frame   0x00000000000014ec      0x14c ./Drivers/STM32F1xx_HAL_Driver/Src/stm32f1xx_hal_gpio.o
 .debug_frame   0x0000000000001638      0x21c ./Drivers/STM32F1xx_HAL_Driver/Src/stm32f1xx_hal_rcc.o
 .debug_frame   0x0000000000001854     0x11bc ./Drivers/STM32F1xx_HAL_Driver/Src/stm32f1xx_hal_tim.o
 .debug_frame   0x0000000000002a10      0x638 ./Drivers/STM32F1xx_HAL_Driver/Src/stm32f1xx_hal_tim_ex.o
 .debug_frame   0x0000000000003048      0x834 ./Drivers/STM32F1xx_HAL_Driver/Src/stm32f1xx_hal_uart.o
 .debug_frame   0x000000000000387c       0x20 c:/st/stm32cubeide_1.7.0/stm32cubeide/plugins/com.st.stm32cube.ide.mcu.externaltools.gnu-tools-for-stm32.9-2020-q2-update.win32_2.0.0.202105311346/tools/bin/../lib/gcc/arm-none-eabi/9.3.1/../../../../arm-none-eabi/lib/thumb/v7-m/nofp\libc_nano.a(lib_a-errno.o)
 .debug_frame   0x000000000000389c       0x2c c:/st/stm32cubeide_1.7.0/stm32cubeide/plugins/com.st.stm32cube.ide.mcu.externaltools.gnu-tools-for-stm32.9-2020-q2-update.win32_2.0.0.202105311346/tools/bin/../lib/gcc/arm-none-eabi/9.3.1/../../../../arm-none-eabi/lib/thumb/v7-m/nofp\libc_nano.a(lib_a-init.o)
 .debug_frame   0x00000000000038c8       0x20 c:/st/stm32cubeide_1.7.0/stm32cubeide/plugins/com.st.stm32cube.ide.mcu.externaltools.gnu-tools-for-stm32.9-2020-q2-update.win32_2.0.0.202105311346/tools/bin/../lib/gcc/arm-none-eabi/9.3.1/../../../../arm-none-eabi/lib/thumb/v7-m/nofp\libc_nano.a(lib_a-memset.o)
 .debug_frame   0x00000000000038e8       0x6c c:/st/stm32cubeide_1.7.0/stm32cubeide/plugins/com.st.stm32cube.ide.mcu.externaltools.gnu-tools-for-stm32.9-2020-q2-update.win32_2.0.0.202105311346/tools/bin/../lib/gcc/arm-none-eabi/9.3.1/../../../../arm-none-eabi/lib/thumb/v7-m/nofp\libc_nano.a(lib_a-sprintf.o)
 .debug_frame   0x0000000000003954       0x20 c:/st/stm32cubeide_1.7.0/stm32cubeide/plugins/com.st.stm32cube.ide.mcu.externaltools.gnu-tools-for-stm32.9-2020-q2-update.win32_2.0.0.202105311346/tools/bin/../lib/gcc/arm-none-eabi/9.3.1/../../../../arm-none-eabi/lib/thumb/v7-m/nofp\libc_nano.a(lib_a-strcmp.o)
 .debug_frame   0x0000000000003974       0x28 c:/st/stm32cubeide_1.7.0/stm32cubeide/plugins/com.st.stm32cube.ide.mcu.externaltools.gnu-tools-for-stm32.9-2020-q2-update.win32_2.0.0.202105311346/tools/bin/../lib/gcc/arm-none-eabi/9.3.1/../../../../arm-none-eabi/lib/thumb/v7-m/nofp\libc_nano.a(lib_a-strncmp.o)
 .debug_frame   0x000000000000399c       0x30 c:/st/stm32cubeide_1.7.0/stm32cubeide/plugins/com.st.stm32cube.ide.mcu.externaltools.gnu-tools-for-stm32.9-2020-q2-update.win32_2.0.0.202105311346/tools/bin/../lib/gcc/arm-none-eabi/9.3.1/../../../../arm-none-eabi/lib/thumb/v7-m/nofp\libc_nano.a(lib_a-strstr.o)
 .debug_frame   0x00000000000039cc       0x90 c:/st/stm32cubeide_1.7.0/stm32cubeide/plugins/com.st.stm32cube.ide.mcu.externaltools.gnu-tools-for-stm32.9-2020-q2-update.win32_2.0.0.202105311346/tools/bin/../lib/gcc/arm-none-eabi/9.3.1/../../../../arm-none-eabi/lib/thumb/v7-m/nofp\libc_nano.a(lib_a-nano-svfprintf.o)
 .debug_frame   0x0000000000003a5c       0x60 c:/st/stm32cubeide_1.7.0/stm32cubeide/plugins/com.st.stm32cube.ide.mcu.externaltools.gnu-tools-for-stm32.9-2020-q2-update.win32_2.0.0.202105311346/tools/bin/../lib/gcc/arm-none-eabi/9.3.1/../../../../arm-none-eabi/lib/thumb/v7-m/nofp\libc_nano.a(lib_a-nano-vfprintf_i.o)
 .debug_frame   0x0000000000003abc       0x28 c:/st/stm32cubeide_1.7.0/stm32cubeide/plugins/com.st.stm32cube.ide.mcu.externaltools.gnu-tools-for-stm32.9-2020-q2-update.win32_2.0.0.202105311346/tools/bin/../lib/gcc/arm-none-eabi/9.3.1/../../../../arm-none-eabi/lib/thumb/v7-m/nofp\libc_nano.a(lib_a-memchr-stub.o)
 .debug_frame   0x0000000000003ae4       0x28 c:/st/stm32cubeide_1.7.0/stm32cubeide/plugins/com.st.stm32cube.ide.mcu.externaltools.gnu-tools-for-stm32.9-2020-q2-update.win32_2.0.0.202105311346/tools/bin/../lib/gcc/arm-none-eabi/9.3.1/../../../../arm-none-eabi/lib/thumb/v7-m/nofp\libc_nano.a(lib_a-memcpy-stub.o)
 .debug_frame   0x0000000000003b0c       0x28 c:/st/stm32cubeide_1.7.0/stm32cubeide/plugins/com.st.stm32cube.ide.mcu.externaltools.gnu-tools-for-stm32.9-2020-q2-update.win32_2.0.0.202105311346/tools/bin/../lib/gcc/arm-none-eabi/9.3.1/../../../../arm-none-eabi/lib/thumb/v7-m/nofp\libc_nano.a(lib_a-memmove.o)
 .debug_frame   0x0000000000003b34       0x38 c:/st/stm32cubeide_1.7.0/stm32cubeide/plugins/com.st.stm32cube.ide.mcu.externaltools.gnu-tools-for-stm32.9-2020-q2-update.win32_2.0.0.202105311346/tools/bin/../lib/gcc/arm-none-eabi/9.3.1/../../../../arm-none-eabi/lib/thumb/v7-m/nofp\libc_nano.a(lib_a-nano-freer.o)
 .debug_frame   0x0000000000003b6c       0x30 c:/st/stm32cubeide_1.7.0/stm32cubeide/plugins/com.st.stm32cube.ide.mcu.externaltools.gnu-tools-for-stm32.9-2020-q2-update.win32_2.0.0.202105311346/tools/bin/../lib/gcc/arm-none-eabi/9.3.1/../../../../arm-none-eabi/lib/thumb/v7-m/nofp\libc_nano.a(lib_a-nano-mallocr.o)
 .debug_frame   0x0000000000003b9c       0x3c c:/st/stm32cubeide_1.7.0/stm32cubeide/plugins/com.st.stm32cube.ide.mcu.externaltools.gnu-tools-for-stm32.9-2020-q2-update.win32_2.0.0.202105311346/tools/bin/../lib/gcc/arm-none-eabi/9.3.1/../../../../arm-none-eabi/lib/thumb/v7-m/nofp\libc_nano.a(lib_a-nano-reallocr.o)
 .debug_frame   0x0000000000003bd8       0x2c c:/st/stm32cubeide_1.7.0/stm32cubeide/plugins/com.st.stm32cube.ide.mcu.externaltools.gnu-tools-for-stm32.9-2020-q2-update.win32_2.0.0.202105311346/tools/bin/../lib/gcc/arm-none-eabi/9.3.1/../../../../arm-none-eabi/lib/thumb/v7-m/nofp\libc_nano.a(lib_a-sbrkr.o)
 .debug_frame   0x0000000000003c04       0x30 c:/st/stm32cubeide_1.7.0/stm32cubeide/plugins/com.st.stm32cube.ide.mcu.externaltools.gnu-tools-for-stm32.9-2020-q2-update.win32_2.0.0.202105311346/tools/bin/../lib/gcc/arm-none-eabi/9.3.1/../../../../arm-none-eabi/lib/thumb/v7-m/nofp\libc_nano.a(lib_a-mlock.o)
 .debug_frame   0x0000000000003c34       0x20 c:/st/stm32cubeide_1.7.0/stm32cubeide/plugins/com.st.stm32cube.ide.mcu.externaltools.gnu-tools-for-stm32.9-2020-q2-update.win32_2.0.0.202105311346/tools/bin/../lib/gcc/arm-none-eabi/9.3.1/../../../../arm-none-eabi/lib/thumb/v7-m/nofp\libc_nano.a(lib_a-nano-msizer.o)
 .debug_frame   0x0000000000003c54       0x5c c:/st/stm32cubeide_1.7.0/stm32cubeide/plugins/com.st.stm32cube.ide.mcu.externaltools.gnu-tools-for-stm32.9-2020-q2-update.win32_2.0.0.202105311346/tools/bin/../lib/gcc/arm-none-eabi/9.3.1/../../../../arm-none-eabi/lib/thumb/v7-m/nofp\libc_nano.a(lib_a-reent.o)
 .debug_frame   0x0000000000003cb0       0xb0 c:/st/stm32cubeide_1.7.0/stm32cubeide/plugins/com.st.stm32cube.ide.mcu.externaltools.gnu-tools-for-stm32.9-2020-q2-update.win32_2.0.0.202105311346/tools/bin/../lib/gcc/arm-none-eabi/9.3.1/../../../../arm-none-eabi/lib/thumb/v7-m/nofp\libc_nano.a(lib_a-lock.o)
 .debug_frame   0x0000000000003d60       0x30 c:/st/stm32cubeide_1.7.0/stm32cubeide/plugins/com.st.stm32cube.ide.mcu.externaltools.gnu-tools-for-stm32.9-2020-q2-update.win32_2.0.0.202105311346/tools/bin/../lib/gcc/arm-none-eabi/9.3.1/thumb/v7-m/nofp\libgcc.a(_arm_muldf3.o)
 .debug_frame   0x0000000000003d90       0xac c:/st/stm32cubeide_1.7.0/stm32cubeide/plugins/com.st.stm32cube.ide.mcu.externaltools.gnu-tools-for-stm32.9-2020-q2-update.win32_2.0.0.202105311346/tools/bin/../lib/gcc/arm-none-eabi/9.3.1/thumb/v7-m/nofp\libgcc.a(_arm_addsubdf3.o)